
> lishui-web@0.1.0 demo:offline:build
> node scripts/build-offline-demo.mjs

vite v6.4.3 building for offline...
transforming...
✓ 4680 modules transformed.
rendering chunks...
computing gzip size...
.local_demo/site/index.html                               1.04 kB │ gzip:   0.64 kB
.local_demo/site/assets/JourneyThread-B011ALrr.css        0.78 kB │ gzip:   0.39 kB
.local_demo/site/assets/NodeDetail-D_YREfsJ.css           1.29 kB │ gzip:   0.51 kB
.local_demo/site/assets/Itinerary-DlJF22x8.css            1.47 kB │ gzip:   0.60 kB
.local_demo/site/assets/DragonExperience-DQlcaJei.css     3.97 kB │ gzip:   1.24 kB
.local_demo/site/assets/Atlas-CaE0nYii.css                5.58 kB │ gzip:   1.64 kB
.local_demo/site/assets/Guide-Bfu_Ot0e.css                6.83 kB │ gzip:   1.85 kB
.local_demo/site/assets/Account-Sr5XgVIf.css             11.11 kB │ gzip:   2.75 kB
.local_demo/site/assets/index-LnuxO52N.css              153.31 kB │ gzip:  26.95 kB
.local_demo/site/assets/PageGuide-BuCUN_Ul.js             0.99 kB │ gzip:   0.58 kB
.local_demo/site/assets/JourneyThread-T68hAzhD.js         1.05 kB │ gzip:   0.62 kB
.local_demo/site/assets/ServiceShortcuts-Cu9VnEJI.js      1.09 kB │ gzip:   0.64 kB
.local_demo/site/assets/ArrowLeft.es-CBXpVnDX.js          1.53 kB │ gzip:   0.60 kB
.local_demo/site/assets/MagnifyingGlass.es-CwVNcPon.js    1.62 kB │ gzip:   0.65 kB
.local_demo/site/assets/X.es-CrOgwlcU.js                  1.92 kB │ gzip:   0.64 kB
.local_demo/site/assets/ArrowClockwise.es-JEETTxRD.js     1.99 kB │ gzip:   0.77 kB
.local_demo/site/assets/DownloadSimple.es-Bm0QLE9u.js     2.00 kB │ gzip:   0.67 kB
.local_demo/site/assets/guideCollaboration-Bfqto7F4.js    2.40 kB │ gzip:   1.42 kB
.local_demo/site/assets/CloudSun.es-DMvexRBo.js           4.83 kB │ gzip:   1.60 kB
.local_demo/site/assets/Atlas-DqQ3VMX9.js                 6.36 kB │ gzip:   2.84 kB
.local_demo/site/assets/Account-DigLfTG6.js               7.22 kB │ gzip:   3.02 kB
.local_demo/site/assets/NodeDetail-B5RRULNM.js            7.31 kB │ gzip:   3.51 kB
.local_demo/site/assets/Translate.es-CQP-Vklg.js          8.44 kB │ gzip:   2.43 kB
.local_demo/site/assets/chat-CdDh1OTr.js                  9.83 kB │ gzip:   5.30 kB
.local_demo/site/assets/Nodes-DrCwTW5E.js                10.54 kB │ gzip:   3.78 kB
.local_demo/site/assets/DragonExperience-CbbRE1Zc.js     12.35 kB │ gzip:   5.25 kB
.local_demo/site/assets/Services-CbhBlRgS.js             20.74 kB │ gzip:   7.40 kB
.local_demo/site/assets/Guide-BQ1hOC4S.js                21.26 kB │ gzip:   7.99 kB
.local_demo/site/assets/presetQA-BmQG9MfI.js             29.16 kB │ gzip:  14.00 kB
.local_demo/site/assets/Itinerary-DR-GkC9H.js            38.38 kB │ gzip:  13.65 kB
.local_demo/site/assets/index-DKJQtGqv.js               434.80 kB │ gzip: 152.37 kB
✓ built in 3.60s
离线演示构建完成：87个文件，13628484字节。目录：.local_demo
