
> lishui-web@0.1.0 prebuild
> npm run check:introductions


> lishui-web@0.1.0 check:introductions
> node scripts/check-node-introductions.mjs

简介覆盖检查通过：29/29，均有独立正文与出处。分类：{"山水":9,"美食":7,"民俗":10,"街区":3}。
含待补充资料说明：晶桥云片糕、明觉铁画锻制技艺、石臼渔歌。此检查不等同于事实全量审核。

> lishui-web@0.1.0 build
> vite build

vite v6.4.3 building for production...
transforming...
✓ 4682 modules transformed.
rendering chunks...
computing gzip size...
dist/index.html                                    1.04 kB │ gzip:   0.64 kB
dist/assets/JourneyThread-B011ALrr.css             0.78 kB │ gzip:   0.39 kB
dist/assets/NodeDetail-D_YREfsJ.css                1.29 kB │ gzip:   0.51 kB
dist/assets/Itinerary-DlJF22x8.css                 1.47 kB │ gzip:   0.60 kB
dist/assets/DragonExperience-DQlcaJei.css          3.97 kB │ gzip:   1.24 kB
dist/assets/Atlas-CaE0nYii.css                     5.58 kB │ gzip:   1.64 kB
dist/assets/Guide-Bfu_Ot0e.css                     6.83 kB │ gzip:   1.85 kB
dist/assets/Account-Sr5XgVIf.css                  11.11 kB │ gzip:   2.75 kB
dist/assets/index-LnuxO52N.css                   153.31 kB │ gzip:  26.95 kB
dist/assets/PageGuide-ikNFEU7W.js                  0.99 kB │ gzip:   0.58 kB
dist/assets/JourneyThread-D7ItF9dd.js              1.05 kB │ gzip:   0.62 kB
dist/assets/ServiceShortcuts-DruLNcNH.js           1.12 kB │ gzip:   0.65 kB
dist/assets/ArrowLeft.es-Bx-TydNk.js               1.53 kB │ gzip:   0.60 kB
dist/assets/MagnifyingGlass.es-DGLmzXun.js         1.62 kB │ gzip:   0.65 kB
dist/assets/X.es-B2pZP57y.js                       1.92 kB │ gzip:   0.64 kB
dist/assets/ArrowClockwise.es-CnGEYErj.js          1.99 kB │ gzip:   0.77 kB
dist/assets/DownloadSimple.es-DQujyBVk.js          2.00 kB │ gzip:   0.67 kB
dist/assets/weather-DYgC2jgL.js                    4.26 kB │ gzip:   2.39 kB
dist/assets/CloudSun.es-DeD9BZDi.js                4.83 kB │ gzip:   1.60 kB
dist/assets/Atlas-VlemR4Li.js                      6.36 kB │ gzip:   2.84 kB
dist/assets/travelServices-DMUKrkXM.js             6.51 kB │ gzip:   3.48 kB
dist/assets/Account-nNvWbhUI.js                    7.22 kB │ gzip:   3.02 kB
dist/assets/NodeDetail-CbQ-YeK9.js                 7.35 kB │ gzip:   3.53 kB
dist/assets/Translate.es-B6SekKgt.js               8.44 kB │ gzip:   2.43 kB
dist/assets/Nodes-D-HHMe0y.js                     10.57 kB │ gzip:   3.80 kB
dist/assets/chat-D7EH0QLv.js                      10.92 kB │ gzip:   5.59 kB
dist/assets/DragonExperience-BkiqHGmv.js          12.39 kB │ gzip:   5.27 kB
dist/assets/Services-DJ-BBssB.js                  20.69 kB │ gzip:   7.33 kB
dist/assets/Guide-CghbIJqQ.js                     21.92 kB │ gzip:   8.21 kB
dist/assets/presetQA-CQo8Y5yM.js                  29.20 kB │ gzip:  14.02 kB
dist/assets/itineraryRecommendation-B3w-F6et.js   29.33 kB │ gzip:  13.74 kB
dist/assets/Itinerary-O63ZrzNz.js                 39.79 kB │ gzip:  14.13 kB
dist/assets/index-k4PSuqCh.js                    419.42 kB │ gzip: 145.88 kB
✓ built in 5.16s
