✔ 四个主打节点的五项指南均有对应正文、出处和运营待确认项 (1.0417ms)
✔ 建成时间、人物身份和文化背景不会放行未核细节 (0.2951ms)
✔ 传统会期、农业采收和同名歌曲保留各自的时效及资料边界 (0.1246ms)
✔ 全部完整节点QA使用对应游客版，审核来源不变且不触发外部服务 (5.2157ms)
✔ 已审人物变体答复不会混入相反的未审改名故事 (20.6281ms)
✔ P1 宽泛推荐：有没有推荐 (21.6758ms)
✔ P1 宽泛推荐：推荐几个地方 (0.6869ms)
✔ P1 宽泛推荐：溧水有什么好玩的 (0.3842ms)
✔ P1 宽泛推荐：帮我推荐些景点 (0.2575ms)
✔ P1 宽泛推荐：哪里值得去 (0.3186ms)
✔ P1 宽泛推荐：去哪玩 (0.2644ms)
✔ P1 已审完整问答在无节点、规划历史和错误模型路由下仍返回原游客版 (5.7365ms)
✔ P1 具体节点及人物问题不被宽泛推荐劫持 (0.5381ms)
✔ P1 景点推荐使用主打节点已审简介，并附主题、引导和节点入口 (0.2214ms)
✔ P2 主题、预算和日期进入条件引导，不把旅游预算当作每晚房价 (4.2856ms)
✔ P2 裸预算支持以内、元以内和明确住宿，行程总预算不覆盖住宿偏好 (0.3431ms)
✔ P3 多日完整行程：能帮我完成三日游溧水的规划吗 (1.9183ms)
✔ P3 多日完整行程：溧水三日游 (1.004ms)
✔ P3 多日完整行程：溧水3日游 (0.9563ms)
✔ P3 HTTP SSE增量与完整三日行程一致，仍保留单导游与安全协议 (36.9718ms)
✔ P4 季节景点推荐：溧水十月有什么值得去的 (0.3017ms)
✔ P4 季节景点推荐：溧水10月份推荐 (0.1737ms)
✔ P4 季节景点推荐：十一月 (0.1617ms)
✔ P4 季节景点推荐：溧水春天去哪玩 (0.1475ms)
✔ P4 季节景点推荐：溧水秋季有什么推荐 (0.1279ms)
✔ P4 季节景点推荐：溧水春夏秋冬推荐哪些地方 (0.1321ms)
✔ P4 季节与明确三日行程同时出现时，按要求保留行程优先级 (0.9523ms)
✔ P4 季节词不会覆盖具体节点事实、酒店、班次、人物或写作问题 (0.7015ms)
✔ P5 动态问题无证据或只有未选中证据，都提供票价待核提示、主题卡片与引导 (2.893ms)
✔ P5 非动态未知保留原话术并提供继续了解入口，不把无证据变成成功 (1.0581ms)
✔ 客户15问：有没有推荐 (0.9865ms)
✔ 客户15问：溧水，自然，2000以内，明天出发 (1.9641ms)
✔ 客户15问：能帮我完成三日游溧水的规划吗 (1.0759ms)
✔ 客户15问：溧水十月有什么值得去的 (0.1775ms)
✔ 客户15问：傅家边门票多少钱 (0.5014ms)
✔ 客户15问：周园值得去吗？ (0.089ms)
✔ 客户15问：周邦彦和溧水有什么关系？ (0.0415ms)
✔ 客户15问：天生桥是天然的还是人工的？ (0.0296ms)
✔ 客户15问：胭脂河的水为什么是红的？ (0.0383ms)
✔ 客户15问：无想山名字是怎么来的？ (0.0348ms)
✔ 客户15问：傅家边什么时候去最好？ (0.0323ms)
✔ 客户15问：石臼湖名字怎么来的？ (0.0324ms)
✔ 客户15问：石臼湖水上列车是什么？ (0.0297ms)
✔ 客户15问：洪蓝手抓鸡怎么吃？ (0.0328ms)
✔ 客户15问：骆山大龙是几级非遗？ (0.056ms)
✔ 不先截掉候选，默认舒适型查询包含排在旧低价前五之后的全季桔子 (1.5011ms)
✔ 真实rate评分字段被正确读取，高分排序不被高价格代替，缺评分不补0或4.9 (0.353ms)
✔ 要求评分优先但供应商缺少数值时，仍提供舒适连锁候选而不是原始低价前五 (0.2606ms)
✔ 显式低预算仍能查便宜酒店，不强加价格下限；预算上下限都严格遵守 (0.1618ms)
✔ 华住明确筛选与全季单品牌筛选不混入其他集团或南京其他区 (0.2748ms)
✔ 品牌条件“华住会旗下酒店”正确解析 (0.3879ms)
✔ 品牌条件“优先桔子水晶”正确解析 (0.8915ms)
✔ 品牌条件“想住全季大观”正确解析 (0.07ms)
✔ 品牌条件“不要全季，改找桔子”正确解析 (0.074ms)
✔ 品牌条件“全季不考虑，想住汉庭”正确解析 (0.1147ms)
✔ 品牌条件“品牌不限”正确解析 (0.0679ms)
✔ 价格区间不会把入住日期里的2026-10误认为预算，之后提高上限或取消预算覆盖旧范围 (7.9625ms)
✔ 没有明确数值评分的结果不能冒充评分4.8以上，可返回清晰的品牌比较路径 (0.2022ms)
✔ 换一批只排除上一批真实酒店，剩余候选重新筛选，不编造新酒店 (0.4322ms)
✔ 不要全季、品牌不限不会又排回全季；重新指定全季可撤销旧排除 (0.2433ms)
✔ 长住宿对话中的品牌、评分和预算范围不会被问候挤掉 (6.076ms)
✔ 品牌或评分追问沿用酒店任务与日期，问好仍不触发酒店检索 (5.2818ms)
✔ CLI用实际支持的rate_desc与带目的地的品牌关键词；价格与距离排序可明确改变 (1.5371ms)
✔ 非法筛选条件在调用供应商前拒绝，原日期和maxPrice校验继续生效 (1.2915ms)
✔ 未知报价、库存、星级和恶意链接不变成已确认事实，价格原样显示 (0.1425ms)
✔ HTTP酒店接口与聊天使用同一筛选排序，聊天展示供应商评分和平台类型 (37.5546ms)
ℹ tests 66
ℹ suites 0
ℹ pass 66
ℹ fail 0
ℹ cancelled 0
ℹ skipped 0
ℹ todo 0
ℹ duration_ms 248.0202
