✔ 审核状态、节点和引用完整，主打节点各有三条可调用问答 (1.1226ms)
✔ 逐条原问题返回对应答案，待核原问题一律隔离 (0.4954ms)
✔ 同一地名下的不同意图及大小写标点变体不会串题 (0.3952ms)
✔ 缺资料、待核意图、模糊输入及跨节点查询不猜答案 (0.146ms)
✔ 知识回答携带可展示的来源，地铁知识不被通用交通路由吞掉 (17.9069ms)
✔ 紧急求助、实际换乘及退改优先分流；待核问题走资料不足兜底 (15.6721ms)
✔ 四个主打节点的五项指南均有对应正文、出处和运营待确认项 (0.8869ms)
✔ 建成时间、人物身份和文化背景不会放行未核细节 (0.2919ms)
✔ 传统会期、农业采收和同名歌曲保留各自的时效及资料边界 (0.1265ms)
✔ 全部完整节点QA使用对应游客版，审核来源不变且不触发外部服务 (5.5818ms)
✔ 已审人物变体答复不会混入相反的未审改名故事 (20.1291ms)
✔ P1 宽泛推荐：有没有推荐 (21.5116ms)
✔ P1 宽泛推荐：推荐几个地方 (0.6538ms)
✔ P1 宽泛推荐：溧水有什么好玩的 (0.377ms)
✔ P1 宽泛推荐：帮我推荐些景点 (0.2563ms)
✔ P1 宽泛推荐：哪里值得去 (0.2876ms)
✔ P1 宽泛推荐：去哪玩 (0.2813ms)
✔ P1 已审完整问答在无节点、规划历史和错误模型路由下仍返回原游客版 (5.2859ms)
✔ P1 具体节点及人物问题不被宽泛推荐劫持 (0.5062ms)
✔ P1 景点推荐使用主打节点已审简介，并附主题、引导和节点入口 (0.1901ms)
✔ P2 主题、预算和日期进入条件引导，不把旅游预算当作每晚房价 (4.1447ms)
✔ P2 裸预算支持以内、元以内和明确住宿，行程总预算不覆盖住宿偏好 (0.3462ms)
✔ P3 多日完整行程：能帮我完成三日游溧水的规划吗 (2.0142ms)
✔ P3 多日完整行程：溧水三日游 (1.065ms)
✔ P3 多日完整行程：溧水3日游 (0.9568ms)
✔ P3 HTTP SSE增量与完整三日行程一致，仍保留单导游与安全协议 (35.1611ms)
✔ P4 季节景点推荐：溧水十月有什么值得去的 (0.3227ms)
✔ P4 季节景点推荐：溧水10月份推荐 (0.1907ms)
✔ P4 季节景点推荐：十一月 (0.1678ms)
✔ P4 季节景点推荐：溧水春天去哪玩 (0.1576ms)
✔ P4 季节景点推荐：溧水秋季有什么推荐 (0.1323ms)
✔ P4 季节景点推荐：溧水春夏秋冬推荐哪些地方 (0.1412ms)
✔ P4 季节与明确三日行程同时出现时，按要求保留行程优先级 (1.4001ms)
✔ P4 季节词不会覆盖具体节点事实、酒店、班次、人物或写作问题 (0.258ms)
✔ P5 动态问题无证据或只有未选中证据，都提供票价待核提示、主题卡片与引导 (3.1226ms)
✔ P5 非动态未知保留原话术并提供继续了解入口，不把无证据变成成功 (0.9386ms)
✔ P5 有相关网页但没有现行票价证据，也保留待核边界和后续入口 (0.7439ms)
✔ 客户15问：有没有推荐 (0.8375ms)
✔ 客户15问：溧水，自然，2000以内，明天出发 (1.8169ms)
✔ 客户15问：能帮我完成三日游溧水的规划吗 (1.0799ms)
✔ 客户15问：溧水十月有什么值得去的 (0.1789ms)
✔ 客户15问：傅家边门票多少钱 (0.5985ms)
✔ 客户15问：周园值得去吗？ (0.0956ms)
✔ 客户15问：周邦彦和溧水有什么关系？ (0.0391ms)
✔ 客户15问：天生桥是天然的还是人工的？ (0.03ms)
✔ 客户15问：胭脂河的水为什么是红的？ (0.0285ms)
✔ 客户15问：无想山名字是怎么来的？ (0.0409ms)
✔ 客户15问：傅家边什么时候去最好？ (0.0357ms)
✔ 客户15问：石臼湖名字怎么来的？ (0.0311ms)
✔ 客户15问：石臼湖水上列车是什么？ (0.0403ms)
✔ 客户15问：洪蓝手抓鸡怎么吃？ (0.0667ms)
✔ 客户15问：骆山大龙是几级非遗？ (0.0345ms)
✔ 八类工具与地方知识由同一导游处理，显式地点和纯翻译不受原名片干扰 (6.5248ms)
✔ 待核问题不调用生成或搜索；非时效已审命中不能被模型切成未审摘录 (18.2213ms)
✔ 跨节点分别过滤、由实际专家答复，来源与任务不串到第一节点 (2.8581ms)
✔ 单导游的独立工具查询可并行，结果统一成一条答复 (63.6378ms)
✔ SSE在结果之前报告实际任务，部分天气失败仍返回其他结果 (64.918ms)
✔ 需要日期的住宿任务如实标为待补充，不调用供应商 (9.0162ms)
✔ 请求取消传到上游信号，客户端断开后不继续汇总 (59.3058ms)
✔ 服务端超时返回可读错误事件，格式错误在开启流之前拒绝 (37.7182ms)
✔ 中文UTF-8分片、心跳和CRLF完整解码；截断与错误事件不能充当成功 (1.4869ms)
✔ 上游请求可取消，计量只记录操作和数值；生产来源必须明确 (0.78ms)
ℹ tests 62
ℹ suites 0
ℹ pass 62
ℹ fail 0
ℹ cancelled 0
ℹ skipped 0
ℹ todo 0
ℹ duration_ms 423.9713
