
> lishui-web@0.1.0 prebuild
> npm run check:introductions


> lishui-web@0.1.0 check:introductions
> node scripts/check-node-introductions.mjs

简介覆盖检查通过：29/29，均有独立正文与出处。分类：{"山水":9,"美食":7,"民俗":10,"街区":3}。
含待补充资料说明：晶桥云片糕、明觉铁画锻制技艺、石臼渔歌。此检查不等同于事实全量审核。

> lishui-web@0.1.0 build
> vite build

vite v6.4.3 building for production...
transforming...
✓ 4692 modules transformed.
rendering chunks...
computing gzip size...
dist/index.html                                    1.04 kB │ gzip:   0.64 kB
dist/assets/JourneyThread-B011ALrr.css             0.78 kB │ gzip:   0.39 kB
dist/assets/NodeDetail-D_YREfsJ.css                1.29 kB │ gzip:   0.51 kB
dist/assets/Itinerary-DlJF22x8.css                 1.47 kB │ gzip:   0.60 kB
dist/assets/DragonExperience-DQlcaJei.css          3.97 kB │ gzip:   1.24 kB
dist/assets/Atlas-CaE0nYii.css                     5.58 kB │ gzip:   1.64 kB
dist/assets/Guide-Bfu_Ot0e.css                     6.83 kB │ gzip:   1.85 kB
dist/assets/Account-Sr5XgVIf.css                  11.11 kB │ gzip:   2.75 kB
dist/assets/index-DaKq1ezq.css                   153.34 kB │ gzip:  26.95 kB
dist/assets/latestRequest-CXPP6X6O.js              0.26 kB │ gzip:   0.19 kB
dist/assets/PageGuide-bS0YbCFY.js                  0.99 kB │ gzip:   0.58 kB
dist/assets/JourneyThread-DLgNaoxs.js              1.05 kB │ gzip:   0.62 kB
dist/assets/ServiceShortcuts-DNAvWyZr.js           1.12 kB │ gzip:   0.65 kB
dist/assets/ArrowLeft.es-DzSZ835s.js               1.53 kB │ gzip:   0.60 kB
dist/assets/MagnifyingGlass.es-CbtdXh15.js         1.62 kB │ gzip:   0.65 kB
dist/assets/X.es-BA45uaqS.js                       1.92 kB │ gzip:   0.64 kB
dist/assets/ArrowClockwise.es-CHYuWiI7.js          1.99 kB │ gzip:   0.77 kB
dist/assets/DownloadSimple.es-B0RZq3uj.js          2.00 kB │ gzip:   0.67 kB
dist/assets/weather-Dspd9ALq.js                    4.26 kB │ gzip:   2.39 kB
dist/assets/CloudSun.es-Db228e-q.js                4.83 kB │ gzip:   1.61 kB
dist/assets/Atlas-BLukufSC.js                      6.36 kB │ gzip:   2.84 kB
dist/assets/travelServices-DMUKrkXM.js             6.51 kB │ gzip:   3.48 kB
dist/assets/NodeDetail-BCEVTQYC.js                 7.35 kB │ gzip:   3.53 kB
dist/assets/Account-BdD_EMtC.js                    7.49 kB │ gzip:   3.11 kB
dist/assets/Translate.es-BbOQw63o.js               8.44 kB │ gzip:   2.43 kB
dist/assets/Nodes-yakI7GVX.js                     10.57 kB │ gzip:   3.81 kB
dist/assets/chat-B4TSeVED.js                      10.81 kB │ gzip:   5.51 kB
dist/assets/DragonExperience-C7nudPsq.js          12.39 kB │ gzip:   5.27 kB
dist/assets/Guide-BPFz5KRB.js                     22.00 kB │ gzip:   8.28 kB
dist/assets/Services-85EKyUtK.js                  22.28 kB │ gzip:   8.01 kB
dist/assets/presetQA-Cx36KNSC.js                  29.20 kB │ gzip:  14.02 kB
dist/assets/itineraryRecommendation-UjDRX1ij.js   36.21 kB │ gzip:  16.60 kB
dist/assets/Itinerary-BzG6Od6K.js                 39.79 kB │ gzip:  14.13 kB
dist/assets/index-DyKWkzLa.js                    435.14 kB │ gzip: 152.59 kB
✓ built in 3.64s
