✔ 四个主打节点的五项指南均有对应正文、出处和运营待确认项 (1.0725ms)
✔ 建成时间、人物身份和文化背景不会放行未核细节 (0.3444ms)
✔ 传统会期、农业采收和同名歌曲保留各自的时效及资料边界 (0.1259ms)
✔ 全部完整节点QA使用对应游客版，审核来源不变且不触发外部服务 (5.0339ms)
✔ 已审人物变体答复不会混入相反的未审改名故事 (19.9422ms)
✔ P1 宽泛推荐：有没有推荐 (21.754ms)
✔ P1 宽泛推荐：推荐几个地方 (0.6918ms)
✔ P1 宽泛推荐：溧水有什么好玩的 (0.7647ms)
✔ P1 宽泛推荐：帮我推荐些景点 (0.2399ms)
✔ P1 宽泛推荐：哪里值得去 (0.215ms)
✔ P1 宽泛推荐：去哪玩 (0.2303ms)
✔ P1 已审完整问答在无节点、规划历史和错误模型路由下仍返回原游客版 (5.2504ms)
✔ P1 具体节点及人物问题不被宽泛推荐劫持 (0.2234ms)
✔ P1 景点推荐使用主打节点已审简介，并附主题、引导和节点入口 (0.3445ms)
✔ P2 主题、预算和日期进入条件引导，不把旅游预算当作每晚房价 (3.8659ms)
✔ P2 裸预算支持以内、元以内和明确住宿，行程总预算不覆盖住宿偏好 (0.3448ms)
✔ 不先截掉候选，默认舒适型查询包含排在旧低价前五之后的全季桔子 (1.5943ms)
✔ 真实rate评分字段被正确读取，高分排序不被高价格代替，缺评分不补0或4.9 (0.3259ms)
✔ 要求评分优先但供应商缺少数值时，仍提供舒适连锁候选而不是原始低价前五 (0.2473ms)
✔ 显式低预算仍能查便宜酒店，不强加价格下限；预算上下限都严格遵守 (0.152ms)
✔ 华住明确筛选与全季单品牌筛选不混入其他集团或南京其他区 (0.2808ms)
✔ 品牌条件“华住会旗下酒店”正确解析 (0.3631ms)
✔ 品牌条件“优先桔子水晶”正确解析 (0.2342ms)
✔ 品牌条件“想住全季大观”正确解析 (0.7039ms)
✔ 品牌条件“不要全季，改找桔子”正确解析 (0.0864ms)
✔ 品牌条件“全季不考虑，想住汉庭”正确解析 (0.1023ms)
✔ 品牌条件“品牌不限”正确解析 (0.0908ms)
✔ 价格区间不会把入住日期里的2026-10误认为预算，之后提高上限或取消预算覆盖旧范围 (8.0935ms)
✔ 没有明确数值评分的结果不能冒充评分4.8以上，可返回清晰的品牌比较路径 (0.1955ms)
✔ 换一批只排除上一批真实酒店，剩余候选重新筛选，不编造新酒店 (0.4288ms)
✔ 不要全季、品牌不限不会又排回全季；重新指定全季可撤销旧排除 (0.2359ms)
✔ 长住宿对话中的品牌、评分和预算范围不会被问候挤掉 (5.67ms)
✔ 品牌或评分追问沿用酒店任务与日期，问好仍不触发酒店检索 (4.6948ms)
✔ CLI用实际支持的rate_desc与带目的地的品牌关键词；价格与距离排序可明确改变 (1.4076ms)
✔ 非法筛选条件在调用供应商前拒绝，原日期和maxPrice校验继续生效 (1.3097ms)
✔ 未知报价、库存、星级和恶意链接不变成已确认事实，价格原样显示 (0.1245ms)
✔ HTTP酒店接口与聊天使用同一筛选排序，聊天展示供应商评分和平台类型 (35.2558ms)
✔ 旧收藏迁移、去重与损坏数据安全处理；存储禁用不会阻塞编辑 (1.4664ms)
✔ 两条场景只填明示的草案地点，保留条件，不编造日期、预算或人数 (1.6716ms)
✔ 交通失败、不可达、过期及缺时长均保留未知，不用零分钟填平 (0.8944ms)
✔ 时间重叠、晚返与超预算显式提示；未知路段也不能掩盖重叠 (0.2618ms)
✔ 地点、日期、交通与顺序变化不沿用其他路段估时 (0.2272ms)
✔ 路线响应与保存数据校验，空路线不是成功，缺duration不是0 (0.4015ms)
✔ 复制包括来源、缺失条件和真实导航参数，不导出凭据或聊天 (0.451ms)
✔ 保存失败时复制和图片共用的导出正文不宣称已经保存，未提供状态时保持未知 (0.1862ms)
✔ 日期与天气不匹配、预报过期保持待确认，坏日期不参与天气核对 (0.2098ms)
✔ 接口失败、断网、非JSON及超时转成可读提示，显式取消不误报超时 (15.168ms)
✔ 八类工具与地方知识由同一导游处理，显式地点和纯翻译不受原名片干扰 (6.8919ms)
✔ 待核问题不调用生成或搜索；非时效已审命中不能被模型切成未审摘录 (18.1189ms)
✔ 跨节点分别过滤、由实际专家答复，来源与任务不串到第一节点 (2.7261ms)
✔ 单导游的独立工具查询可并行，结果统一成一条答复 (51.0669ms)
✔ SSE在结果之前报告实际任务，部分天气失败仍返回其他结果 (70.8617ms)
✔ 需要日期的住宿任务如实标为待补充，不调用供应商 (8.1552ms)
✔ 请求取消传到上游信号，客户端断开后不继续汇总 (55.9434ms)
✔ 服务端超时返回可读错误事件，格式错误在开启流之前拒绝 (52.6361ms)
✔ 中文UTF-8分片、心跳和CRLF完整解码；截断与错误事件不能充当成功 (1.7321ms)
✔ 上游请求可取消，计量只记录操作和数值；生产来源必须明确 (0.8557ms)
ℹ tests 57
ℹ suites 0
ℹ pass 57
ℹ fail 0
ℹ cancelled 0
ℹ skipped 0
ℹ todo 0
ℹ duration_ms 443.4033
