✔ 登录只返回公开用户，生产 Cookie 为 HttpOnly / Secure / SameSite (58.2659ms)
✔ 注册直接登录，无邮件确认或验证码，只保留有期限的访问Cookie (10.448ms)
✔ 账号写入拒绝跨站、无 Origin、错误方法与过长请求 (18.8816ms)
✔ 保存归属由会话决定；第二账号不能读、改或回收第一账号的卡 (33.0763ms)
✔ 行程版本冲突返回409，回收与恢复可逆，载入保持日期预算 (28.2307ms)
✔ 过期访问令牌不刷新，旧刷新Cookie无效；正常退出撤销会话并清 Cookie (12.987ms)
✔ 失效刷新会话清除、未配置离线状态如实返回、账号请求独立限流 (25.1139ms)
✔ 保存清理危险外链和原型键；未知节点不进入卡片 (8.973ms)
✔ Supabase客户端用户JWT在请求头、归属和版本过滤生效，供应商错误不透出 (1.4092ms)
✔ 不接受service_role/secret key、不接受自定义Supabase地址 (1.4489ms)
✔ 本地访客与两个账号草稿各自恢复，账户切换不会覆盖另一份草稿 (0.4613ms)
✔ 住宿日期和预算校验，不把缺失价格和库存补成可用房 (21.7409ms)
✔ 向量相似度与引用白名单，非法模型引用回退到真实证据 (18.2615ms)
✔ 每位角色缺资料时使用联网补充，搜索资料保留未审标记 (1.926ms)
✔ 跨板块按依赖执行，部分天气失败仍能查住宿、地图并翻译汇总 (3.669ms)
✔ 住宿没有日期时不触发供应商；新日期优先于历史，紧急求助直接答复 (4.3193ms)
✔ 服务端拒绝未知智能体、恶意来源和格式错误，日志与错误不泄漏凭据 (85.6074ms)
✔ 第三方错误体和密钥查询参数不流向客户端 (1.7702ms)
✔ 票价搜索摘要有差异时不生成现行价格结论，旅行目的地决定天气地点 (7.245ms)
✔ 网络分片中的中文问题完整解码后再路由 (21.3187ms)
✔ 游客文案覆盖新增语料，吃法不夹非遗元数据，传说和票价边界保留 (1.3705ms)
✔ 普通聊天的真实token先于HTTP最终结果到达，校验过的知识完成事件另行展示 (78.6016ms)
✔ 真实模型HTTP SSE分片解码，不展示思考字段；请求携带stream:true (59.1853ms)
✔ 没有DONE或长度截断的流必须失败；部分文字不能冒充完整答复 (2.3355ms)
✔ 生成失败或无证据相关性时不回填一个无关整段答案 (38.3504ms)
✔ 已流式文字在取消后不再出现完成事件 (3.3708ms)
✔ 分段保留全答复及传说限定语，Unicode字符不被拆开 (1.9026ms)
✔ 点击只准备声音，真实start/end驱动字幕和结束；后续段未开始不显示播放 (0.7764ms)
✔ 停止后迟到的start/end/error不恢复播放或覆盖新答复 (0.1854ms)
✔ 重播从答复第一字开始，不叠加旧语音 (0.1027ms)
✔ 仅使用本地中文声音，不默认采用远程中文或本机英文 (0.1471ms)
✔ 异步voice清单加载后播放；停止或卸载会移除监听与定时器 (0.1303ms)
✔ 没有voice清单或无法启动会给出可恢复错误，播放超时会停止声音 (0.161ms)
✔ 不支持API、调用异常或设备error均保留文字路径；空文字不入队 (0.1793ms)
✔ API连接断开：JSON和流式客户端给网络提示，不返回伪结果 (54.664ms)
✔ 流只返回状态便结束：不得把正在查询当作完整答复 (19.3ms)
✔ 客户端真实期限到达：JSON及流读取都终止并显示超时 (220.1241ms)
✔ 服务端超时事件：保留错误，拒绝将其包装成成功 (9.4338ms)
✔ 主动取消和网络故障有区别：调用方取消信号不被改写 (2.4027ms)
✔ 用户撤下条目不会出现在目录、栏目或现行问答，旧API请求也不能继续推荐 (1.0523ms)
✔ 旧收藏剔除撤下地点，保留有效地点与用户条件；不把万达迁移成不同地点 (4.0529ms)
✔ 撤下待核不充作审核通过，修订与新增单独记入已审数，童谣仍隔离 (0.5064ms)
✔ 图鉴每项正文出处可用，当前29项配图实际存在，撤下节点不再公开 (7.8704ms)
✔ 审核状态、节点和引用完整，主打节点各有三条可调用问答 (1.449ms)
✔ 逐条原问题返回对应答案，待核原问题一律隔离 (0.7145ms)
✔ 同一地名下的不同意图及大小写标点变体不会串题 (0.5115ms)
✔ 缺资料、待核意图、模糊输入及跨节点查询不猜答案 (0.1938ms)
✔ 知识回答携带可展示的来源，地铁知识不被通用交通路由吞掉 (34.1003ms)
✔ 紧急求助、实际换乘及退改优先分流；待核问题走资料不足兜底 (39.1102ms)
✔ 语音开始/结束控制形象，多个播报来源不会互相误清状态 (2.2656ms)
✔ 准备声音时保持站立，真实start进入讲话，最后end与取消自动切回 (1.5897ms)
✔ 出行条件与输入草稿刷新保留，存储不可用和损坏时安全恢复 (3.9266ms)
✔ 保存条件只接收白名单字符串，非法日期和未知交通方式不恢复 (0.3931ms)
✔ 游客明确输入才更新偏好，总预算不会被当作每晚住宿预算 (39.3103ms)
✔ 重试快照不受后来修改的地点、偏好和历史消息影响 (0.6964ms)
✔ 缺条件选项保留未知数量边界，已有条件不被重复询问 (1.0213ms)
✔ 自填日期和住宿选项使用真实用户条件，查询天气不会改写行程日期 (0.277ms)
✔ 服务端needs_input仍不调用住宿提供商，选项穿过合并回复完整到达 (10.4533ms)
✔ 无资料时相关卡片只指向当前节点和已有已审问题 (1.2375ms)
✔ 键盘缩小可视区域时输入面板跟随，缩放及未聚焦不会误判键盘 (0.3279ms)
✔ 阅读旧消息时不追随新答复，接近底部才继续跟随 (0.1982ms)
✔ 地名答复给出文章解释，保留原始史料未互证边界；展示馆计划不转成开放承诺 (2.0878ms)
✔ 铁画的市级正式认定与媒体省级说法分开，不从缺文件推出从未升级 (0.3811ms)
✔ 童谣原题、变体、无节点及其他节点均不输出未审歌词或调用外部服务 (22.7607ms)
✔ 童谣隔离不抢走紧急求助 (2.0052ms)
✔ 带引号的纯翻译只翻译指定文本，不被其中童谣词误拦截 (29.4878ms)
✔ 四个主打节点的五项指南均有对应正文、出处和运营待确认项 (3.1643ms)
✔ 建成时间、人物身份和文化背景不会放行未核细节 (1.0925ms)
✔ 传统会期、农业采收和同名歌曲保留各自的时效及资料边界 (0.5617ms)
✔ 全部完整节点QA使用对应游客版，审核来源不变且不触发外部服务 (76.6279ms)
✔ 已审人物变体答复不会混入相反的未审改名故事 (33.6958ms)
✔ 新增问答覆盖四类21个当前节点，每个两项，来源完整且游客正文无审核元数据 (3.5841ms)
✔ 六类设施各三项，仅为行前建议，完整问题走固定问答且保留业务服务归属 (0.7747ms)
✔ 缺来源的节点及具体设施事实都隔离，未混入获审语料或问答 (3.1077ms)
✔ 主题草案保留个人条件，不伪造地点、时间、费用、路线或设施 (0.6233ms)
✔ 未列入预设的日常、概念、编程及招呼均由模型回答，不再查景点或返回固定模板 (26.5463ms)
✔ 明确文旅事实和旅行追问继续受原审核约束，主动换话题不被已选节点劫持 (3.3952ms)
✔ 携带完整的最近对话轮次，让修改、指代和换话题交给模型理解 (1.0554ms)
✔ 实际HTTP SSE逐段送出，首段到达时模型未完成；最终结果与拼接文本一致 (54.7587ms)
✔ 停止开放对话中止真实上游请求；没有完成事件或后续生成 (85.1321ms)
✔ 半途失败保留delta但返回错误，不能用套话或半段文本冒充成功，也不泄漏上游错误 (6.7009ms)
✔ 供应商SSE原样转发真实中文分片，截断/达到token上限均失败；默认文旅参数保持 (1.7356ms)
✔ 离线演示明确说明没有模型，不把资料兜底或固定招呼当作在线智能对话 (0.2324ms)
✔ 关于旅游的表达限制不误判；模糊创作由语义分类器放行，证据需求不会被分类器绕过 (1.865ms)
✔ 问答按需载入并复用，原问题、上下文及流式回调完整传递 (1.7722ms)
✔ 模块载入期间停止查询，载入完成后不再执行问答 (1.3183ms)
✔ 已经停止的查询不会触发模块下载 (1.8732ms)
✔ 下载失败给中文恢复提示，之后的新请求可以重新载入 (0.5549ms)
✔ 问答本身的失败仍交给原会话处理，不反复下载已载入的模块 (0.4268ms)
✔ 问好跨过已选地点和服务直接流式闲聊，不深入知识库 (25.0019ms)
✔ 导游建议或行程草稿的地点不能被当作游客已选择的酒店片区 (25.5222ms)
✔ 反驳被记错的地点继续住宿流程，清除被否定条件并保留真实日期预算 (4.6083ms)
✔ 纠正为另一个地点、随后补日期及预算，查询只使用最新真实条件 (3.58ms)
✔ 截图中的逗号分隔条件接回规划，预算记成总预算且不变成酒店每晚预算 (7.5086ms)
✔ 问候插入多轮规划后仍可继续，主动换成学习写作时不沿用旅游任务 (1.0058ms)
✔ 长对话压缩保留真实规划和纠正锚点，仍遵守六条历史的原校验上限 (1.3723ms)
✔ 含糊旅游推荐由语义分类接入推荐，分类器不生成条件或放行事实约束 (1.1197ms)
✔ 仅纠正知识话题时直接确认更正，不把否认地名当新知识问题 (0.8227ms)
✔ 三个知识点仍对应获审事实及原始出处；规模与传说边界不丢失 (1.5304ms)
✔ 第一次错误选择保留；刷新恢复会重新计算得分，拒绝旧版和损坏记录 (4.1595ms)
✔ 文化记录存储禁用不会抛错或阻塞本次结果 (0.2945ms)
✔ 长中文、百分号链接、组合字符及空行跨页后能还原全文，无省略或裁切 (15.4215ms)
✔ 所有节点的大行程也可分页完整导出；未知费用和待确认项不被抹掉 (11.1528ms)
✔ 当前编辑与导航链接进入导出，聊天和配置字段不会进入 (0.9328ms)
✔ 旧单值费用不被推算成区间；补全上下限后计算、保存和导出一致 (1.3457ms)
✔ 倒置、负数和只有上限的区间不能当成有效费用；区间上限超预算会提示 (0.4584ms)
✔ 淮源姐持有36条基础知识，来源与审核日期完整 (0.7379ms)
✔ 全部服务基础QA在线服务端与客户端答复一致并保留角色、引用 (67.3349ms)
✔ 单一翻译含景点上下文、天气与订房文字时只翻译指定文本 (3.097ms)
✔ 单一天气或缺日期住宿不会因名片上下文查无关资料 (5.8271ms)
✔ 住宿多轮沿用日期，新预算仍触发真实工具路径 (3.6652ms)
✔ 未经审核的网络传说摘录被过滤，选中引用不附带无关网页 (4.1347ms)
✔ 派生修复完整保留187行出处，童谣待核不进入批准索引 (9.5127ms)
✔ 首页主题计数来自实际栏目，预览节点与素材有效 (7.7746ms)
✔ 首页问答只露出已审条目，游客正文不带审核元数据 (0.6307ms)
✔ 线路预览只使用现有草案和节点照片，保留待确认边界 (1.5941ms)
✔ 不先截掉候选，默认舒适型查询包含排在旧低价前五之后的全季桔子 (2.2047ms)
✔ 真实rate评分字段被正确读取，高分排序不被高价格代替，缺评分不补0或4.9 (0.4841ms)
✔ 要求评分优先但供应商缺少数值时，仍提供舒适连锁候选而不是原始低价前五 (0.5052ms)
✔ 显式低预算仍能查便宜酒店，不强加价格下限；预算上下限都严格遵守 (0.2584ms)
✔ 华住明确筛选与全季单品牌筛选不混入其他集团或南京其他区 (0.3584ms)
✔ 品牌条件“华住会旗下酒店”正确解析 (0.4954ms)
✔ 品牌条件“优先桔子水晶”正确解析 (0.3102ms)
✔ 品牌条件“想住全季大观”正确解析 (0.0832ms)
✔ 品牌条件“不要全季，改找桔子”正确解析 (0.0896ms)
✔ 品牌条件“全季不考虑，想住汉庭”正确解析 (0.1347ms)
✔ 品牌条件“品牌不限”正确解析 (0.0829ms)
✔ 价格区间不会把入住日期里的2026-10误认为预算，之后提高上限或取消预算覆盖旧范围 (12.9278ms)
✔ 没有明确数值评分的结果不能冒充评分4.8以上，可返回清晰的品牌比较路径 (0.2884ms)
✔ 换一批只排除上一批真实酒店，剩余候选重新筛选，不编造新酒店 (0.6054ms)
✔ 不要全季、品牌不限不会又排回全季；重新指定全季可撤销旧排除 (0.3385ms)
✔ 长住宿对话中的品牌、评分和预算范围不会被问候挤掉 (10.5362ms)
✔ 品牌或评分追问沿用酒店任务与日期，问好仍不触发酒店检索 (10.6635ms)
✔ CLI用实际支持的rate_desc与带目的地的品牌关键词；价格与距离排序可明确改变 (2.134ms)
✔ 非法筛选条件在调用供应商前拒绝，原日期和maxPrice校验继续生效 (2.0304ms)
✔ 未知报价、库存、星级和恶意链接不变成已确认事实，价格原样显示 (0.3731ms)
✔ HTTP酒店接口与聊天使用同一筛选排序，聊天展示供应商评分和平台类型 (59.6446ms)
✔ 旧收藏迁移、去重与损坏数据安全处理；存储禁用不会阻塞编辑 (2.0566ms)
✔ 两条场景只填明示的草案地点，保留条件，不编造日期、预算或人数 (5.1306ms)
✔ 交通失败、不可达、过期及缺时长均保留未知，不用零分钟填平 (2.2749ms)
✔ 时间重叠、晚返与超预算显式提示；未知路段也不能掩盖重叠 (0.5543ms)
✔ 地点、日期、交通与顺序变化不沿用其他路段估时 (0.4913ms)
✔ 路线响应与保存数据校验，空路线不是成功，缺duration不是0 (0.7649ms)
✔ 复制包括来源、缺失条件和真实导航参数，不导出凭据或聊天 (0.9715ms)
✔ 保存失败时复制和图片共用的导出正文不宣称已经保存，未提供状态时保持未知 (0.4106ms)
✔ 日期与天气不匹配、预报过期保持待确认，坏日期不参与天气核对 (0.6118ms)
✔ 接口失败、断网、非JSON及超时转成可读提示，显式取消不误报超时 (28.3454ms)
✔ 离线视频以正确类型返回，浏览器范围读取含尾段/HEAD及无效范围 (238.5759ms)
✔ 六位功能专家的工具严格匹配；唯一人格不添加电话或独立发言人 (2.9336ms)
✔ 周末两天场景派出四位专家并汇总；缺日期不查房价，失败不伪装成功 (39.1281ms)
✔ 两天排版兜底不新增事实，默认预报日期不冒充用户出发日期 (0.2305ms)
✔ 普通追问复用用户历史和已给条件；只问缺少的另一端住宿日期 (0.5288ms)
✔ 日期待定或非法的部分条件仍是needs_input，选项不抛异常或调用住宿供应商 (5.5053ms)
✔ 人格进入生成prompt；缺证据提供官方公告/现场路径，不编联系方式 (5.5612ms)
✔ 来源分节只包含选中的证据；联网待核与真实天气分开，失败不挂实时来源 (3.4216ms)
✔ 人格不能绕过数字、引用和传说校验，不向游客展示不合格生成结果 (4.2836ms)
✔ 关于页与开场只有主导游，后台共享规则且不开放角色选择 (6.0579ms)
✔ 推荐问题直接完成上午午间下午安排，无日期或指定景点也有完整路线 (36.4684ms)
✔ 十月不推断花期采摘与活动；每个看点句都来自现有已审介绍 (1.8291ms)
✔ 新天数、同行人与去掉地点可继续修改；无车与银发采用城中少换点方案 (7.3897ms)
✔ 真正的交通、房价、天气与演出仍走原工具，不被推荐捷径吞掉；一般学习不误判 (0.5354ms)
✔ 模型不能把任意事实或不存在的地点送入答案；出错仍有已审知识组成的完整安排 (1.4641ms)
✔ HTTP SSE每个时段在上游生成期间逐段呈现，分片JSON先校验，最终文本与delta一致 (48.2869ms)
✔ 停止推荐中断真实上游生成，不在取消后继续补全安排 (84.5884ms)
✔ 采用推荐可保存站点顺序与跨日日期，保留用户预算和人数，不生成费用耗时或坐标 (1.3066ms)
✔ 18轮消息后仍保留两天、周园、排除无想山，而不是被问候挤出上下文 (21.4722ms)
✔ 酒店任务经过多轮闲聊仍接收新的预算，保留入住退房和目的地 (5.5094ms)
✔ 日期单独回复“明天”接回规划并保存 (2.3786ms)
✔ 日期单独回复“后天”接回规划并保存 (1.8912ms)
✔ 日期单独回复“2026年10月10日”接回规划并保存 (1.2817ms)
✔ 人数“三个人”原样保留人数边界 (1.1503ms)
✔ 人数“两位”原样保留人数边界 (1.0354ms)
✔ 人数“3人以上”原样保留人数边界 (0.9006ms)
✔ 人数“我一个人”原样保留人数边界 (0.841ms)
✔ 同行需求修订“不带孩子，只有两个人”覆盖旧条件 (1.4752ms)
✔ 同行需求修订“不带老人，我们是朋友”覆盖旧条件 (0.8844ms)
✔ 同行需求修订“带两个孩子”覆盖旧条件 (0.7437ms)
✔ 同行需求修订“带两位老人”覆盖旧条件 (0.8064ms)
✔ 交通修订“不是没车，是自驾”不被否定词劫持 (1.5496ms)
✔ 交通修订“不自驾，改坐公交”不被否定词劫持 (1.5929ms)
✔ 交通修订“不坐公交，改成步行”不被否定词劫持 (2.166ms)
✔ 交通修订“没车”不被否定词劫持 (1.4281ms)
✔ 知识问题“天生桥门票多少钱”不等于选择旅游目的地 (0.9631ms)
✔ 知识问题“洪蓝手抓鸡怎么吃”不等于选择旅游目的地 (0.9031ms)
✔ 知识问题“无想山有哪些看点”不等于选择旅游目的地 (0.7625ms)
✔ “无想山呢”继承上一轮门票维度，回答无想山票价，不转成名字传说 (0.717ms)
✔ “第一站门票多少钱”按上一轮列出的地点顺序定位 (2.0728ms)
✔ “第二个门票多少钱”按上一轮列出的地点顺序定位 (1.3001ms)
✔ “第三个有哪些看点”按上一轮列出的地点顺序定位 (0.2991ms)
✔ 多个地点后的“它的门票”明确让用户选一处，不随机解释无想山 (0.3194ms)
✔ 知识介绍后说“这两处怎么串起来”进入知识库路线安排 (2.2287ms)
✔ 旅游后切换考试、电影、代码安排，不返回溧水路线 (0.8202ms)
✔ 改为自驾以后，旧“没车”条件不再强制城中路线 (0.7155ms)
✔ 不完整的周末日期不悄悄使用今天，明确星期可以按日历查预报 (2.9514ms)
✔ 长中文历史不触发24KB拒绝，保留用户条件与最新回答，不修改原消息 (62.7041ms)
✔ 实际知识模型流先给无依据数字，接口与前端都只接收校验后失败结果 (11.0295ms)
✔ 普通聊天与校验过的推荐仍在完成之前显示真实delta (0.1391ms)
✔ 明确“换成周园”替换原选无想山，而不是同时保留两个目的地 (2.1592ms)
✔ 出发与返程日期各自对应“2026-10-09出发，2026-10-10返程” (0.5314ms)
✔ 出发与返程日期各自对应“明天出发，后天返回” (0.738ms)
✔ 否定的服务“推荐溧水一日游，不需要酒店”不抢走路线安排 (0.9565ms)
✔ 否定的服务“不用查天气，给我完整行程”不抢走路线安排 (0.8901ms)
✔ 补充预算日期后的推荐明确衔接本轮，记住的条件可从正文核对 (1.6959ms)
✔ 只问周园看点不强行选入行程，但明确“这两处串起来”采用刚介绍的两处 (3.8075ms)
✔ 多轮普通改写保留最初的小林与忘浇花要求，不进入旅游检索 (2.7247ms)
✔ 普通聊天明确换到闭包问题不继承前一项道歉写作 (0.3396ms)
✔ “把上面的回答翻译成英文”翻译上一条完整答案，不检索新事实 (1.4022ms)
✔ “翻译一下”翻译上一条完整答案，不检索新事实 (0.8936ms)
✔ “翻译上一段成日语”翻译上一条完整答案，不检索新事实 (1.089ms)
✔ 引用翻译没有上一条答案时要求提供文字，不把指令本身翻译 (0.5842ms)
✔ 明确带引号的新文本优先于上一条答案 (0.775ms)
✔ “不要旅游例子”是写作限制，后续改写和问候不被记成旅行需求 (5.5051ms)
✔ 短对话中的礼貌招呼不替换待改写作品；传给模型的原始消息仍逐字保留 (0.1838ms)
✔ 推荐兴趣修订“不带孩子，朋友两个人自驾”覆盖旧主题 (0.739ms)
✔ 推荐兴趣修订“不喜欢人文，想看自然山水”覆盖旧主题 (0.8646ms)
✔ 推荐兴趣修订“改成人文收藏建筑”覆盖旧主题 (0.7113ms)
✔ 纯问候生成不携带旧住宿任务，但下一轮酒店追问仍能接回用户条件 (3.8552ms)
✔ 两天模型选择重复周园时，后一天改用同知识库的不同地点，街区可继续停留 (1.8145ms)
✔ 已审传说有出处及结尾未确证说明，不把地方故事当史实或岩土成因 (1.0958ms)
✔ 三景区票价前后端一致，包含日期、优惠范围与未确认资格，不调用售票 (8.546ms)
✔ 票价的不同问法及上一轮景点上下文可直接回答，明确新地点覆盖旧地点 (3.0506ms)
✔ 纯翻译中的票价名词不触发票务查询 (18.6313ms)
✔ 缺日期保留已知预算并给接驳核对建议，只追问缺项，不调用住宿供应商 (4.5516ms)
✔ 继承用户的日期与住宿意图，预算修订后查询完整条件，不把助手文字当要求 (2.7181ms)
✔ 沿用出发地和地点、遵守新交通方式；缺目的地说明无法给完整路线，地图不乱猜 (3.0601ms)
✔ 离线住宿沿用日期和修订预算、交通方式，避免重复追问已经给出的日期 (2.4233ms)
✔ 单独退房日期只改退房；相对日期按北京时间，普通缺天气条件显式声明默认 (1.1529ms)
✔ 跨节点票价与天气组合分别回答，不因参考票价短路其他任务 (2.7441ms)
✔ 运行语料直接来自版本化已审数据，原索引的127条内容哈希完全一致 (2.5511ms)
✔ 慢住宿/列表响应晚于新条件到达时，不覆盖新结果；不依赖上游遵守abort (0.3714ms)
✔ 退出当前视图或账号后，晚到响应及其错误均不再更新该视图 (0.171ms)
✔ 访客、账号A与账号B的导游偏好和未发送草稿相互隔离，刷新只恢复本人 (0.7062ms)
✔ 无法辨认账号归属的旧导游缓存不自动展示，也不删除原值 (0.1741ms)
✔ 无docs、无私钥、无本地向量的新工作目录也能运行整套其他单元测试与导游审计 (2530.51ms)
✔ 空白保持未评，明确的零事实与零引用合法，不从空白制造人工成绩 (0.769ms)
✔ 事实与引用计数守恒，争议必须有理由，分数不越界 (0.1438ms)
✔ 导入绑定历史批次与条目编号，重复/未知/不完整评分均拒绝 (0.3327ms)
✔ 截图原问题不受保存的默认公共交通绑架，含两日不同主题、晚餐与三人住宿 (34.7691ms)
✔ 时长“两天一夜”正确区分天与晚 (0.1506ms)
✔ 时长“2天1晚”正确区分天与晚 (0.0918ms)
✔ 时长“三天两晚”正确区分天与晚 (0.081ms)
✔ 时长“住一夜”正确区分天与晚 (0.1138ms)
✔ 时长“改成一日游”正确区分天与晚 (0.0768ms)
✔ 时长“两天零夜”正确区分天与晚 (0.064ms)
✔ 国庆不是今天，不凭节日标签查询今日天气或假设入住日期 (0.4507ms)
✔ 明确日期加两天一夜可接回住宿，入住退房算一晚，总预算不变成每晚房价 (5.0057ms)
✔ 亲子一天→少走路→两天自驾修订保留三人和节日，并移除过期的一天条件 (15.1203ms)
✔ 批评上一份方案继续重排，不返回知识库无答案或另问日期人数 (4.1794ms)
✔ 午餐是就近餐饮建议，不能把每道菜当成另一个景区或冒充已找到餐厅 (1.6445ms)
✔ 模型反复选择商圈不能通过校验，兜底也有不同景点和晚间衔接 (2.1224ms)
✔ 模型可交换同主题的上午下午，交换后不重复并保持真实知识依据 (1.9081ms)
✔ 无效的数字、出处编号、新字段和未知地点继续被挡住 (1.3565ms)
✔ 明确保留周园、排除无想山之后，住宿和第二天仍完整 (2.4861ms)
✔ 明确无车选择城区衔接，两个游览时段不重复海乐城或通济街 (0.9381ms)
✔ 保留两天改亲子等建议按钮不会偷偷改天数，进入住宿时不抹掉人数 (3.8285ms)
✔ 旅游建议未选中的无想水镇不能当成游客酒店目的地 (2.2388ms)
✔ 夜游也进入保存的行程卡，日期跨日，原有总预算与人数不覆盖 (0.771ms)
✔ 七天长行程不循环把相同商圈当新景点，已审内容耗尽时明确留出休息 (1.1657ms)
✔ HTTP SSE流式与最终答复完全一致，住宿段只出现一次、夜游进入计划 (41.4169ms)
✔ 八类工具与地方知识由同一导游处理，显式地点和纯翻译不受原名片干扰 (11.5196ms)
✔ 待核问题不调用生成或搜索；非时效已审命中不能被模型切成未审摘录 (25.7793ms)
✔ 跨节点分别过滤、由实际专家答复，来源与任务不串到第一节点 (4.9447ms)
✔ 单导游的独立工具查询可并行，结果统一成一条答复 (57.0418ms)
✔ SSE在结果之前报告实际任务，部分天气失败仍返回其他结果 (69.0329ms)
✔ 需要日期的住宿任务如实标为待补充，不调用供应商 (8.9692ms)
✔ 请求取消传到上游信号，客户端断开后不继续汇总 (56.5252ms)
✔ 服务端超时返回可读错误事件，格式错误在开启流之前拒绝 (39.085ms)
✔ 中文UTF-8分片、心跳和CRLF完整解码；截断与错误事件不能充当成功 (1.4355ms)
✔ 上游请求可取消，计量只记录操作和数值；生产来源必须明确 (0.8787ms)
✔ 唯一角色注册，全部风物和服务由淮源姐负责，旧角色不能请求 (1.4616ms)
✔ 扩展知识统一归属、向量与事实对应、童谣未被放行 (19.045ms)
✔ 发布角色素材仅含透明淮源姐，旧角色和不透明备选未混入 (1.4011ms)
✔ 常见吃法、非遗级别与地名变体直接复用已有证据，不能按地名误答 (9.7887ms)
✔ 一个导游答复合并工具结果，后台专家失败不丢失其他已查项目 (21.6355ms)
✔ 宽泛行程先完成知识库路线推荐，新天数和交通优先，不要求先指定景点 (8.1236ms)
✔ 上一份方案按天和时段读取，餐饮与游览分别存放，不填充用户偏好 (1.4963ms)
✔ 时段指代“第二天上午”不是重新设置旅行天数 (0.1024ms)
✔ 时段指代“第2天换成周园”不是重新设置旅行天数 (0.0583ms)
✔ 时段指代“第一天不变”不是重新设置旅行天数 (0.0627ms)
✔ 只改第二天上午，保留第一天与第二天下午；上一轮真实顺序可与默认不同 (9.8888ms)
✔ 按第三站修改不会误把午餐当第三个游览景点 (4.1712ms)
✔ 没有完整助手方案时也可明确指定第二天上午，不错误插到第一天 (2.2569ms)
✔ 方案正文截到历史长度上限、并插入多轮带景点名问候，仍保留实际方案作修改定位 (0.7892ms)
✔ 明确日期自驾行程调用路线天气住宿专家，数字只来自工具，三类证据分开 (4.042ms)
✔ 只有国庆标签不调用今日天气或无日期住宿，默认交通不触发假定路线查询 (1.5857ms)
✔ 同名或区外位置不能静默选第一项，没有真实路线就不写分钟和公里 (1.3295ms)
✔ 南京市前缀可识别景区本体，停车场、小区和区外同名地点不成为导航端点 (1.7063ms)
✔ 一段地图失败不丢掉另一段返回，失败不丢掉完整知识库方案 (1.4553ms)
✔ 住宿工具失败不会吞掉天气和路线，未知价格不自动补零 (3.32ms)
✔ 取消工具阶段停止后续补全，不在停止后发表最终方案 (2.3948ms)
✔ 多日按实际游览日计算时间，次日上午不会被判成第一天晚返 (3.5564ms)
✔ 跨日缺到达时间保持未知，过夜后不虚构接驳；乱序与超日期提示冲突 (0.4818ms)
✔ 返程日晚于最后游览日时不沿用前一天的返程时间；路线日期改动使保存结果失效 (0.3173ms)
✔ 新日期与城市字段刷新恢复，旧一日记录不捏造返程日，旧收藏兼容 (0.6293ms)
✔ 精简卡省略空项但保留冲突、未确认总数与保存失败；详细版仍含来源 (1.0361ms)
✔ 全国搜索不带南京范围，有范围时限定并保留省市/城市代码 (20.8159ms)
✔ 跨城公交使用实际起终城市；旧地点缺城市时按坐标核对，不能写死南京 (1.282ms)
✔ 行程表单上下文可供导游使用，最新问题覆盖；总预算不当每晚房价 (19.5985ms)
✔ 本地启动器识别项目API与其他占用，不停止其他服务 (0.7075ms)
ℹ tests 299
ℹ suites 0
ℹ pass 299
ℹ fail 0
ℹ cancelled 0
ℹ skipped 0
ℹ todo 0
ℹ duration_ms 2975.1382
