
> lishui-web@0.1.0 test:itinerary
> node --test scripts/itinerary.test.mjs

✔ 旧收藏迁移、去重与损坏数据安全处理；存储禁用不会阻塞编辑 (1.4751ms)
✔ 两条场景只填明示的草案地点，保留条件，不编造日期、预算或人数 (1.7735ms)
✔ 交通失败、不可达、过期及缺时长均保留未知，不用零分钟填平 (1.026ms)
✔ 时间重叠、晚返与超预算显式提示；未知路段也不能掩盖重叠 (0.2365ms)
✔ 地点、日期、交通与顺序变化不沿用其他路段估时 (0.2252ms)
✔ 路线响应与保存数据校验，空路线不是成功，缺duration不是0 (0.3816ms)
✔ 复制包括来源、缺失条件和真实导航参数，不导出凭据或聊天 (0.4239ms)
✔ 保存失败时复制和图片共用的导出正文不宣称已经保存，未提供状态时保持未知 (0.2053ms)
✔ 日期与天气不匹配、预报过期保持待确认，坏日期不参与天气核对 (0.2085ms)
✔ 接口失败、断网、非JSON及超时转成可读提示，显式取消不误报超时 (13.4256ms)
ℹ tests 10
ℹ suites 0
ℹ pass 10
ℹ fail 0
ℹ cancelled 0
ℹ skipped 0
ℹ todo 0
ℹ duration_ms 87.4148
