✔ 四个主打节点的五项指南均有对应正文、出处和运营待确认项 (0.9392ms)
✔ 建成时间、人物身份和文化背景不会放行未核细节 (0.3054ms)
✔ 传统会期、农业采收和同名歌曲保留各自的时效及资料边界 (0.1233ms)
✔ 全部完整节点QA使用对应游客版，审核来源不变且不触发外部服务 (4.7669ms)
✔ 已审人物变体答复不会混入相反的未审改名故事 (21.1148ms)
✔ P1 宽泛推荐：有没有推荐 (21.4204ms)
✔ P1 宽泛推荐：推荐几个地方 (0.6768ms)
✔ P1 宽泛推荐：溧水有什么好玩的 (0.3761ms)
✔ P1 宽泛推荐：帮我推荐些景点 (0.2555ms)
✔ P1 宽泛推荐：哪里值得去 (0.2935ms)
✔ P1 宽泛推荐：去哪玩 (0.2616ms)
✔ P1 已审完整问答在无节点、规划历史和错误模型路由下仍返回原游客版 (5.518ms)
✔ P1 具体节点及人物问题不被宽泛推荐劫持 (0.67ms)
✔ P1 景点推荐使用主打节点已审简介，并附主题、引导和节点入口 (0.2076ms)
✔ P2 主题、预算和日期进入条件引导，不把旅游预算当作每晚房价 (4.3892ms)
✔ P2 裸预算支持以内、元以内和明确住宿，行程总预算不覆盖住宿偏好 (0.3269ms)
✔ P3 多日完整行程：能帮我完成三日游溧水的规划吗 (1.8827ms)
✔ P3 多日完整行程：溧水三日游 (1.0338ms)
✔ P3 多日完整行程：溧水3日游 (0.9311ms)
✔ P3 HTTP SSE增量与完整三日行程一致，仍保留单导游与安全协议 (33.2687ms)
✔ P4 季节景点推荐：溧水十月有什么值得去的 (0.2708ms)
✔ P4 季节景点推荐：溧水10月份推荐 (0.1664ms)
✔ P4 季节景点推荐：十一月 (0.1424ms)
✔ P4 季节景点推荐：溧水春天去哪玩 (0.1539ms)
✔ P4 季节景点推荐：溧水秋季有什么推荐 (0.1191ms)
✔ P4 季节景点推荐：溧水春夏秋冬推荐哪些地方 (0.1235ms)
✔ P4 季节与明确三日行程同时出现时，按要求保留行程优先级 (1.3608ms)
✔ P4 季节词不会覆盖具体节点事实、酒店、班次、人物或写作问题 (0.2391ms)
✔ P5 动态问题无证据或只有未选中证据，都提供票价待核提示、主题卡片与引导 (3.0027ms)
✔ P5 非动态未知保留原话术并提供继续了解入口，不把无证据变成成功 (1.313ms)
✔ 客户15问：有没有推荐 (0.8984ms)
✔ 客户15问：溧水，自然，2000以内，明天出发 (1.3337ms)
✔ 客户15问：能帮我完成三日游溧水的规划吗 (1.0961ms)
✔ 客户15问：溧水十月有什么值得去的 (0.1687ms)
✔ 客户15问：傅家边门票多少钱 (0.4381ms)
✔ 客户15问：周园值得去吗？ (0.0756ms)
✔ 客户15问：周邦彦和溧水有什么关系？ (0.0387ms)
✔ 客户15问：天生桥是天然的还是人工的？ (0.0288ms)
✔ 客户15问：胭脂河的水为什么是红的？ (0.042ms)
✔ 客户15问：无想山名字是怎么来的？ (0.0538ms)
✔ 客户15问：傅家边什么时候去最好？ (0.035ms)
✔ 客户15问：石臼湖名字怎么来的？ (0.0328ms)
✔ 客户15问：石臼湖水上列车是什么？ (0.0301ms)
✔ 客户15问：洪蓝手抓鸡怎么吃？ (0.0313ms)
✔ 客户15问：骆山大龙是几级非遗？ (0.067ms)
✔ 淮源姐持有36条基础知识，来源与审核日期完整 (0.5591ms)
✔ 全部服务基础QA在线服务端与客户端答复一致并保留角色、引用 (11.3094ms)
✔ 单一翻译含景点上下文、天气与订房文字时只翻译指定文本 (16.3428ms)
✔ 单一天气或缺日期住宿不会因名片上下文查无关资料 (3.5601ms)
✔ 住宿多轮沿用日期，新预算仍触发真实工具路径 (2.0525ms)
✔ 未经审核的网络传说摘录被过滤，选中引用不附带无关网页 (2.0457ms)
✔ 派生修复完整保留187行出处，童谣待核不进入批准索引 (4.5383ms)
ℹ tests 52
ℹ suites 0
ℹ pass 52
ℹ fail 0
ℹ cancelled 0
ℹ skipped 0
ℹ todo 0
ℹ duration_ms 224.9787
