✔ 用户撤下条目不会出现在目录、栏目或现行问答，旧API请求也不能继续推荐 (0.8311ms)
✔ 旧收藏剔除撤下地点，保留有效地点与用户条件；不把万达迁移成不同地点 (2.2504ms)
✔ 撤下待核不充作审核通过，修订与新增单独记入已审数，童谣仍隔离 (0.3003ms)
✔ 图鉴每项正文出处可用，当前29项配图实际存在，撤下节点不再公开 (3.6667ms)
✔ 地名答复给出文章解释，保留原始史料未互证边界；展示馆计划不转成开放承诺 (0.7526ms)
✔ 铁画的市级正式认定与媒体省级说法分开，不从缺文件推出从未升级 (0.1175ms)
✔ 童谣原题、变体、无节点及其他节点均不输出未审歌词或调用外部服务 (9.5295ms)
✔ 童谣隔离不抢走紧急求助 (0.514ms)
✔ 带引号的纯翻译只翻译指定文本，不被其中童谣词误拦截 (15.4518ms)
✔ 四个主打节点的五项指南均有对应正文、出处和运营待确认项 (0.9095ms)
✔ 建成时间、人物身份和文化背景不会放行未核细节 (0.3017ms)
✔ 传统会期、农业采收和同名歌曲保留各自的时效及资料边界 (0.1219ms)
✔ 全部完整节点QA使用对应游客版，审核来源不变且不触发外部服务 (5.2442ms)
✔ 已审人物变体答复不会混入相反的未审改名故事 (20.4257ms)
✔ P1 宽泛推荐：有没有推荐 (21.1281ms)
✔ P1 宽泛推荐：推荐几个地方 (0.6598ms)
✔ P1 宽泛推荐：溧水有什么好玩的 (0.3943ms)
✔ P1 宽泛推荐：帮我推荐些景点 (0.2693ms)
✔ P1 宽泛推荐：哪里值得去 (0.2469ms)
✔ P1 宽泛推荐：去哪玩 (0.2683ms)
✔ P1 已审完整问答在无节点、规划历史和错误模型路由下仍返回原游客版 (5.7953ms)
✔ P1 具体节点及人物问题不被宽泛推荐劫持 (0.3636ms)
✔ P1 景点推荐使用主打节点已审简介，并附主题、引导和节点入口 (0.2501ms)
✔ P2 主题、预算和日期进入条件引导，不把旅游预算当作每晚房价 (5.151ms)
✔ P2 裸预算支持以内、元以内和明确住宿，行程总预算不覆盖住宿偏好 (0.3535ms)
✔ P3 多日完整行程：能帮我完成三日游溧水的规划吗 (1.5604ms)
✔ P3 多日完整行程：溧水三日游 (1.0046ms)
✔ P3 多日完整行程：溧水3日游 (0.9277ms)
✔ P3 HTTP SSE增量与完整三日行程一致，仍保留单导游与安全协议 (33.8095ms)
✔ P4 季节景点推荐：溧水十月有什么值得去的 (0.2869ms)
✔ P4 季节景点推荐：溧水10月份推荐 (0.1578ms)
✔ P4 季节景点推荐：十一月 (0.129ms)
✔ P4 季节景点推荐：溧水春天去哪玩 (0.1291ms)
✔ P4 季节景点推荐：溧水秋季有什么推荐 (0.1087ms)
✔ P4 季节景点推荐：溧水春夏秋冬推荐哪些地方 (0.1014ms)
✔ P4 季节与明确三日行程同时出现时，按要求保留行程优先级 (1.3607ms)
✔ P4 季节词不会覆盖具体节点事实、酒店、班次、人物或写作问题 (0.0719ms)
ℹ tests 37
ℹ suites 0
ℹ pass 37
ℹ fail 0
ℹ cancelled 0
ℹ skipped 0
ℹ todo 0
ℹ duration_ms 243.4375
