
> lishui-web@0.1.0 test:routing
> node --test scripts/routing-stream.test.mjs

✔ 八类工具与地方知识由同一导游处理，显式地点和纯翻译不受原名片干扰 (6.3891ms)
✔ 待核问题不调用生成或搜索；非时效已审命中不能被模型切成未审摘录 (17.9117ms)
✔ 跨节点分别过滤、由实际专家答复，来源与任务不串到第一节点 (2.6398ms)
✔ 单导游的独立工具查询可并行，结果统一成一条答复 (40.001ms)
✔ SSE在结果之前报告实际任务，部分天气失败仍返回其他结果 (70.8812ms)
✔ 需要日期的住宿任务如实标为待补充，不调用供应商 (8.4168ms)
✔ 请求取消传到上游信号，客户端断开后不继续汇总 (64.94ms)
✔ 服务端超时返回可读错误事件，格式错误在开启流之前拒绝 (42.7746ms)
✔ 中文UTF-8分片、心跳和CRLF完整解码；截断与错误事件不能充当成功 (2.6355ms)
✔ 上游请求可取消，计量只记录操作和数值；生产来源必须明确 (1.1506ms)
ℹ tests 10
ℹ suites 0
ℹ pass 10
ℹ fail 0
ℹ cancelled 0
ℹ skipped 0
ℹ todo 0
ℹ duration_ms 365.0905
