✔ P1 宽泛推荐：有没有推荐 (21.9332ms)
✔ P1 宽泛推荐：推荐几个地方 (0.8335ms)
✔ P1 宽泛推荐：溧水有什么好玩的 (0.4619ms)
✔ P1 宽泛推荐：帮我推荐些景点 (0.3356ms)
✔ P1 宽泛推荐：哪里值得去 (0.3353ms)
✔ P1 宽泛推荐：去哪玩 (0.3633ms)
✔ P1 已审完整问答在无节点、规划历史和错误模型路由下仍返回原游客版 (5.5229ms)
✔ P1 具体节点及人物问题不被宽泛推荐劫持 (3.0192ms)
✔ P1 景点推荐使用主打节点已审简介，并附主题、引导和节点入口 (0.2421ms)
✔ P1 住宿上下文或住宿页的简短求推荐仍接回住宿，明确景点推荐可换主题 (4.5938ms)
✔ P2 主题、预算和日期进入条件引导，不把旅游预算当作每晚房价 (2.4938ms)
✔ P2 裸预算支持以内、元以内和明确住宿，行程总预算不覆盖住宿偏好 (0.298ms)
✔ P3 多日完整行程：能帮我完成三日游溧水的规划吗 (1.6346ms)
✔ P3 多日完整行程：溧水三日游 (1.2012ms)
✔ P3 多日完整行程：溧水3日游 (0.9946ms)
✔ P3 HTTP SSE增量与完整三日行程一致，仍保留单导游与安全协议 (35.1854ms)
✔ P4 季节景点推荐：溧水十月有什么值得去的 (0.3562ms)
✔ P4 季节景点推荐：溧水10月份推荐 (0.2273ms)
✔ P4 季节景点推荐：十一月 (0.2672ms)
✔ P4 季节景点推荐：溧水春天去哪玩 (0.2352ms)
✔ P4 季节景点推荐：溧水秋季有什么推荐 (0.207ms)
✔ P4 季节景点推荐：溧水春夏秋冬推荐哪些地方 (0.1756ms)
✔ P4 季节与明确三日行程同时出现时，按要求保留行程优先级 (0.9762ms)
✔ P4 季节词不会覆盖具体节点事实、酒店、班次、人物或写作问题 (0.4178ms)
✔ P5 动态问题无证据或只有未选中证据，都提供票价待核提示、主题卡片与引导 (3.0468ms)
✔ P5 非动态未知保留原话术并提供继续了解入口，不把无证据变成成功 (1.0516ms)
✔ P5 有相关网页但没有现行票价证据，也保留待核边界和后续入口 (1.0321ms)
✔ 客户15问：有没有推荐 (1.1428ms)
✔ 客户15问：溧水，自然，2000以内，明天出发 (1.0333ms)
✔ 客户15问：能帮我完成三日游溧水的规划吗 (1.3313ms)
✔ 客户15问：溧水十月有什么值得去的 (0.2391ms)
✔ 客户15问：傅家边门票多少钱 (0.4966ms)
✔ 客户15问：周园值得去吗？ (0.086ms)
✔ 客户15问：周邦彦和溧水有什么关系？ (0.04ms)
✔ 客户15问：天生桥是天然的还是人工的？ (0.0299ms)
✔ 客户15问：胭脂河的水为什么是红的？ (0.0404ms)
✔ 客户15问：无想山名字是怎么来的？ (0.0635ms)
✔ 客户15问：傅家边什么时候去最好？ (0.0576ms)
✔ 客户15问：石臼湖名字怎么来的？ (0.0431ms)
✔ 客户15问：石臼湖水上列车是什么？ (0.0544ms)
✔ 客户15问：洪蓝手抓鸡怎么吃？ (0.1482ms)
✔ 客户15问：骆山大龙是几级非遗？ (0.0541ms)
✔ 不先截掉候选，默认舒适型查询包含排在旧低价前五之后的全季桔子 (1.495ms)
✔ 真实rate评分字段被正确读取，高分排序不被高价格代替，缺评分不补0或4.9 (0.2947ms)
✔ 要求评分优先但供应商缺少数值时，仍提供舒适连锁候选而不是原始低价前五 (0.2232ms)
✔ 显式低预算仍能查便宜酒店，不强加价格下限；预算上下限都严格遵守 (0.1523ms)
✔ 华住明确筛选与全季单品牌筛选不混入其他集团或南京其他区 (0.2625ms)
✔ 品牌条件“华住会旗下酒店”正确解析 (0.3442ms)
✔ 品牌条件“优先桔子水晶”正确解析 (0.8243ms)
✔ 品牌条件“想住全季大观”正确解析 (0.0753ms)
✔ 品牌条件“不要全季，改找桔子”正确解析 (0.0798ms)
✔ 品牌条件“全季不考虑，想住汉庭”正确解析 (0.0956ms)
✔ 品牌条件“品牌不限”正确解析 (0.0573ms)
✔ 价格区间不会把入住日期里的2026-10误认为预算，之后提高上限或取消预算覆盖旧范围 (8.1154ms)
✔ 没有明确数值评分的结果不能冒充评分4.8以上，可返回清晰的品牌比较路径 (0.2039ms)
✔ 换一批只排除上一批真实酒店，剩余候选重新筛选，不编造新酒店 (0.4107ms)
✔ 不要全季、品牌不限不会又排回全季；重新指定全季可撤销旧排除 (0.2847ms)
✔ 长住宿对话中的品牌、评分和预算范围不会被问候挤掉 (5.7677ms)
✔ 品牌或评分追问沿用酒店任务与日期，问好仍不触发酒店检索 (5.0345ms)
✔ CLI用实际支持的rate_desc与带目的地的品牌关键词；价格与距离排序可明确改变 (1.5182ms)
✔ 非法筛选条件在调用供应商前拒绝，原日期和maxPrice校验继续生效 (1.4491ms)
✔ 未知报价、库存、星级和恶意链接不变成已确认事实，价格原样显示 (0.1657ms)
✔ HTTP酒店接口与聊天使用同一筛选排序，聊天展示供应商评分和平台类型 (35.7021ms)
✔ 八类工具与地方知识由同一导游处理，显式地点和纯翻译不受原名片干扰 (6.3989ms)
✔ 待核问题不调用生成或搜索；非时效已审命中不能被模型切成未审摘录 (18.7588ms)
✔ 跨节点分别过滤、由实际专家答复，来源与任务不串到第一节点 (2.8009ms)
✔ 单导游的独立工具查询可并行，结果统一成一条答复 (49.7465ms)
✔ SSE在结果之前报告实际任务，部分天气失败仍返回其他结果 (70.6481ms)
✔ 需要日期的住宿任务如实标为待补充，不调用供应商 (7.9743ms)
✔ 请求取消传到上游信号，客户端断开后不继续汇总 (57.0792ms)
✔ 服务端超时返回可读错误事件，格式错误在开启流之前拒绝 (36.4338ms)
✔ 中文UTF-8分片、心跳和CRLF完整解码；截断与错误事件不能充当成功 (1.4816ms)
✔ 上游请求可取消，计量只记录操作和数值；生产来源必须明确 (0.7045ms)
ℹ tests 73
ℹ suites 0
ℹ pass 73
ℹ fail 0
ℹ cancelled 0
ℹ skipped 0
ℹ todo 0
ℹ duration_ms 393.2747
