✔ 审核状态、节点和引用完整，主打节点各有三条可调用问答 (1.1126ms)
✔ 逐条原问题返回对应答案，待核原问题一律隔离 (0.6279ms)
✔ 同一地名下的不同意图及大小写标点变体不会串题 (0.4214ms)
✔ 缺资料、待核意图、模糊输入及跨节点查询不猜答案 (0.1542ms)
✔ 知识回答携带可展示的来源，地铁知识不被通用交通路由吞掉 (18.7864ms)
✔ 紧急求助、实际换乘及退改优先分流；待核问题走资料不足兜底 (16.0398ms)
✔ 四个主打节点的五项指南均有对应正文、出处和运营待确认项 (0.9385ms)
✔ 建成时间、人物身份和文化背景不会放行未核细节 (0.3ms)
✔ 传统会期、农业采收和同名歌曲保留各自的时效及资料边界 (0.1188ms)
✔ 全部完整节点QA使用对应游客版，审核来源不变且不触发外部服务 (4.955ms)
✔ 已审人物变体答复不会混入相反的未审改名故事 (21.5636ms)
✔ P1 宽泛推荐：有没有推荐 (22.1711ms)
✔ P1 宽泛推荐：推荐几个地方 (0.6202ms)
✔ P1 宽泛推荐：溧水有什么好玩的 (0.9741ms)
✔ P1 宽泛推荐：帮我推荐些景点 (0.2173ms)
✔ P1 宽泛推荐：哪里值得去 (0.282ms)
✔ P1 宽泛推荐：去哪玩 (0.2363ms)
✔ P1 已审完整问答在无节点、规划历史和错误模型路由下仍返回原游客版 (5.257ms)
✔ P1 具体节点及人物问题不被宽泛推荐劫持 (0.2568ms)
✔ P1 景点推荐使用主打节点已审简介，并附主题、引导和节点入口 (0.3562ms)
✔ 八类工具与地方知识由同一导游处理，显式地点和纯翻译不受原名片干扰 (6.6087ms)
✔ 待核问题不调用生成或搜索；非时效已审命中不能被模型切成未审摘录 (19.014ms)
✔ 跨节点分别过滤、由实际专家答复，来源与任务不串到第一节点 (2.7935ms)
✔ 单导游的独立工具查询可并行，结果统一成一条答复 (47.9142ms)
✔ SSE在结果之前报告实际任务，部分天气失败仍返回其他结果 (66.7913ms)
✔ 需要日期的住宿任务如实标为待补充，不调用供应商 (7.8151ms)
✔ 请求取消传到上游信号，客户端断开后不继续汇总 (74.9528ms)
✔ 服务端超时返回可读错误事件，格式错误在开启流之前拒绝 (49.8019ms)
✔ 中文UTF-8分片、心跳和CRLF完整解码；截断与错误事件不能充当成功 (1.4808ms)
✔ 上游请求可取消，计量只记录操作和数值；生产来源必须明确 (0.8752ms)
ℹ tests 30
ℹ suites 0
ℹ pass 30
ℹ fail 0
ℹ cancelled 0
ℹ skipped 0
ℹ todo 0
ℹ duration_ms 425.3774
