✔ P1 宽泛推荐：有没有推荐 (21.1672ms)
✔ P1 宽泛推荐：推荐几个地方 (0.7104ms)
✔ P1 宽泛推荐：溧水有什么好玩的 (0.3927ms)
✔ P1 宽泛推荐：帮我推荐些景点 (0.2653ms)
✔ P1 宽泛推荐：哪里值得去 (0.2867ms)
✔ P1 宽泛推荐：去哪玩 (0.2698ms)
✔ P1 已审完整问答在无节点、规划历史和错误模型路由下仍返回原游客版 (5.9196ms)
✔ P1 具体节点及人物问题不被宽泛推荐劫持 (0.2777ms)
✔ P1 景点推荐使用主打节点已审简介，并附主题、引导和节点入口 (0.1756ms)
✔ P2 主题、预算和日期进入条件引导，不把旅游预算当作每晚房价 (4.7745ms)
✔ P2 裸预算支持以内、元以内和明确住宿，行程总预算不覆盖住宿偏好 (0.3369ms)
✔ P3 多日完整行程：能帮我完成三日游溧水的规划吗 (1.6171ms)
✔ P3 多日完整行程：溧水三日游 (1.0667ms)
✔ P3 多日完整行程：溧水3日游 (0.9412ms)
✔ P3 HTTP SSE增量与完整三日行程一致，仍保留单导游与安全协议 (34.9741ms)
✔ 旧收藏迁移、去重与损坏数据安全处理；存储禁用不会阻塞编辑 (1.4687ms)
✔ 两条场景只填明示的草案地点，保留条件，不编造日期、预算或人数 (1.8146ms)
✔ 交通失败、不可达、过期及缺时长均保留未知，不用零分钟填平 (0.4573ms)
✔ 时间重叠、晚返与超预算显式提示；未知路段也不能掩盖重叠 (0.2567ms)
✔ 地点、日期、交通与顺序变化不沿用其他路段估时 (0.2349ms)
✔ 路线响应与保存数据校验，空路线不是成功，缺duration不是0 (0.4729ms)
✔ 复制包括来源、缺失条件和真实导航参数，不导出凭据或聊天 (0.4791ms)
✔ 保存失败时复制和图片共用的导出正文不宣称已经保存，未提供状态时保持未知 (0.1944ms)
✔ 日期与天气不匹配、预报过期保持待确认，坏日期不参与天气核对 (0.2159ms)
✔ 接口失败、断网、非JSON及超时转成可读提示，显式取消不误报超时 (14.6982ms)
✔ 截图原问题不受保存的默认公共交通绑架，含两日不同主题、晚餐与三人住宿 (21.6783ms)
✔ 时长“两天一夜”正确区分天与晚 (0.0905ms)
✔ 时长“2天1晚”正确区分天与晚 (0.0482ms)
✔ 时长“三天两晚”正确区分天与晚 (0.0634ms)
✔ 时长“住一夜”正确区分天与晚 (0.0685ms)
✔ 时长“改成一日游”正确区分天与晚 (0.0668ms)
✔ 时长“两天零夜”正确区分天与晚 (0.0605ms)
✔ 国庆不是今天，不凭节日标签查询今日天气或假设入住日期 (0.3438ms)
✔ 明确日期加两天一夜可接回住宿，入住退房算一晚，总预算不变成每晚房价 (3.6938ms)
✔ 亲子一天→少走路→两天自驾修订保留三人和节日，并移除过期的一天条件 (10.0687ms)
✔ 批评上一份方案继续重排，不返回知识库无答案或另问日期人数 (2.8427ms)
✔ 午餐是就近餐饮建议，不能把每道菜当成另一个景区或冒充已找到餐厅 (1.0645ms)
✔ 模型反复选择商圈不能通过校验，兜底也有不同景点和晚间衔接 (1.6024ms)
✔ 模型可交换同主题的上午下午，交换后不重复并保持真实知识依据 (1.1972ms)
✔ 无效的数字、出处编号、新字段和未知地点继续被挡住 (0.9178ms)
✔ 明确保留周园、排除无想山之后，住宿和第二天仍完整 (1.7895ms)
✔ 明确无车选择城区衔接，两个游览时段不重复海乐城或通济街 (0.7271ms)
✔ 保留两天改亲子等建议按钮不会偷偷改天数，进入住宿时不抹掉人数 (3.2943ms)
✔ 旅游建议未选中的无想水镇不能当成游客酒店目的地 (1.812ms)
✔ 夜游也进入保存的行程卡，日期跨日，原有总预算与人数不覆盖 (0.6284ms)
✔ 七天长行程不循环把相同商圈当新景点，已审内容耗尽时明确留出休息 (1.0368ms)
✔ HTTP SSE流式与最终答复完全一致，住宿段只出现一次、夜游进入计划 (34.1682ms)
✔ 八类工具与地方知识由同一导游处理，显式地点和纯翻译不受原名片干扰 (7.1409ms)
✔ 待核问题不调用生成或搜索；非时效已审命中不能被模型切成未审摘录 (18.6253ms)
✔ 跨节点分别过滤、由实际专家答复，来源与任务不串到第一节点 (2.6609ms)
✔ 单导游的独立工具查询可并行，结果统一成一条答复 (52.7787ms)
✔ SSE在结果之前报告实际任务，部分天气失败仍返回其他结果 (69.0725ms)
✔ 需要日期的住宿任务如实标为待补充，不调用供应商 (8.6335ms)
✔ 请求取消传到上游信号，客户端断开后不继续汇总 (58.0638ms)
✔ 服务端超时返回可读错误事件，格式错误在开启流之前拒绝 (36.0341ms)
✔ 中文UTF-8分片、心跳和CRLF完整解码；截断与错误事件不能充当成功 (1.4978ms)
✔ 上游请求可取消，计量只记录操作和数值；生产来源必须明确 (0.7666ms)
ℹ tests 57
ℹ suites 0
ℹ pass 57
ℹ fail 0
ℹ cancelled 0
ℹ skipped 0
ℹ todo 0
ℹ duration_ms 401.2624
