20:44:05 [vite] Internal server error: Failed to resolve import "../styles/WholeSiteDesign.css" from "src/components/DesignReviewBar.jsx". Does the file exist?
  Plugin: vite:import-analysis
  File: E:/数媒/lishui-web/src/components/DesignReviewBar.jsx:4:7
  19 |  import { useDesignReview } from "../data/designReview.jsx";
  20 |  import "../pages/DesignPreview.css";
  21 |  import "../styles/WholeSiteDesign.css";
     |          ^
  22 |  const pages = [["/design-preview", "首页"], ["/nodes", "发现溧水"], ["/nodes/n_tsq", "地点详情"], ["/atlas", "风物图鉴"], ["/guide", "导览对话"], ["/itinerary", "我的行程"], ["/services", "出行服务"], ["/culture/dragon", "文化体验"], ["/about", "关于作品"]];
  23 |  export default function DesignReviewBar() {
      at TransformPluginContext._formatLog (file:///E:/%E6%95%B0%E5%AA%92/lishui-web/node_modules/vite/dist/node/chunks/dep-Dm0c1Wj2.js:42658:41)
      at TransformPluginContext.error (file:///E:/%E6%95%B0%E5%AA%92/lishui-web/node_modules/vite/dist/node/chunks/dep-Dm0c1Wj2.js:42655:16)
      at normalizeUrl (file:///E:/%E6%95%B0%E5%AA%92/lishui-web/node_modules/vite/dist/node/chunks/dep-Dm0c1Wj2.js:40634:23)
      at process.processTicksAndRejections (node:internal/process/task_queues:104:5)
      at async file:///E:/%E6%95%B0%E5%AA%92/lishui-web/node_modules/vite/dist/node/chunks/dep-Dm0c1Wj2.js:40753:37
      at async Promise.all (index 6)
      at async TransformPluginContext.transform (file:///E:/%E6%95%B0%E5%AA%92/lishui-web/node_modules/vite/dist/node/chunks/dep-Dm0c1Wj2.js:40680:7)
      at async EnvironmentPluginContainer.transform (file:///E:/%E6%95%B0%E5%AA%92/lishui-web/node_modules/vite/dist/node/chunks/dep-Dm0c1Wj2.js:42453:18)
      at async loadAndTransform (file:///E:/%E6%95%B0%E5%AA%92/lishui-web/node_modules/vite/dist/node/chunks/dep-Dm0c1Wj2.js:35845:27)
20:44:05 [vite] Internal server error: Failed to resolve import "../styles/WholeSiteDesign.css" from "src/components/DesignReviewBar.jsx". Does the file exist?
  Plugin: vite:import-analysis
  File: E:/数媒/lishui-web/src/components/DesignReviewBar.jsx:4:7
  19 |  import { useDesignReview } from "../data/designReview.jsx";
  20 |  import "../pages/DesignPreview.css";
  21 |  import "../styles/WholeSiteDesign.css";
     |          ^
  22 |  const pages = [["/design-preview", "首页"], ["/nodes", "发现溧水"], ["/nodes/n_tsq", "地点详情"], ["/atlas", "风物图鉴"], ["/guide", "导览对话"], ["/itinerary", "我的行程"], ["/services", "出行服务"], ["/culture/dragon", "文化体验"], ["/about", "关于作品"]];
  23 |  export default function DesignReviewBar() {
      at TransformPluginContext._formatLog (file:///E:/%E6%95%B0%E5%AA%92/lishui-web/node_modules/vite/dist/node/chunks/dep-Dm0c1Wj2.js:42658:41)
      at TransformPluginContext.error (file:///E:/%E6%95%B0%E5%AA%92/lishui-web/node_modules/vite/dist/node/chunks/dep-Dm0c1Wj2.js:42655:16)
      at normalizeUrl (file:///E:/%E6%95%B0%E5%AA%92/lishui-web/node_modules/vite/dist/node/chunks/dep-Dm0c1Wj2.js:40634:23)
      at process.processTicksAndRejections (node:internal/process/task_queues:104:5)
      at async file:///E:/%E6%95%B0%E5%AA%92/lishui-web/node_modules/vite/dist/node/chunks/dep-Dm0c1Wj2.js:40753:37
      at async Promise.all (index 6)
      at async TransformPluginContext.transform (file:///E:/%E6%95%B0%E5%AA%92/lishui-web/node_modules/vite/dist/node/chunks/dep-Dm0c1Wj2.js:40680:7)
      at async EnvironmentPluginContainer.transform (file:///E:/%E6%95%B0%E5%AA%92/lishui-web/node_modules/vite/dist/node/chunks/dep-Dm0c1Wj2.js:42453:18)
      at async loadAndTransform (file:///E:/%E6%95%B0%E5%AA%92/lishui-web/node_modules/vite/dist/node/chunks/dep-Dm0c1Wj2.js:35845:27)
      at async viteTransformMiddleware (file:///E:/%E6%95%B0%E5%AA%92/lishui-web/node_modules/vite/dist/node/chunks/dep-Dm0c1Wj2.js:37369:24)
20:44:05 [vite] Internal server error: Failed to resolve import "../styles/WholeSiteDesign.css" from "src/components/DesignReviewBar.jsx". Does the file exist?
  Plugin: vite:import-analysis
  File: E:/数媒/lishui-web/src/components/DesignReviewBar.jsx:4:7
  19 |  import { useDesignReview } from "../data/designReview.jsx";
  20 |  import "../pages/DesignPreview.css";
  21 |  import "../styles/WholeSiteDesign.css";
     |          ^
  22 |  const pages = [["/design-preview", "首页"], ["/nodes", "发现溧水"], ["/nodes/n_tsq", "地点详情"], ["/atlas", "风物图鉴"], ["/guide", "导览对话"], ["/itinerary", "我的行程"], ["/services", "出行服务"], ["/culture/dragon", "文化体验"], ["/about", "关于作品"]];
  23 |  export default function DesignReviewBar() {
      at TransformPluginContext._formatLog (file:///E:/%E6%95%B0%E5%AA%92/lishui-web/node_modules/vite/dist/node/chunks/dep-Dm0c1Wj2.js:42658:41)
      at TransformPluginContext.error (file:///E:/%E6%95%B0%E5%AA%92/lishui-web/node_modules/vite/dist/node/chunks/dep-Dm0c1Wj2.js:42655:16)
      at normalizeUrl (file:///E:/%E6%95%B0%E5%AA%92/lishui-web/node_modules/vite/dist/node/chunks/dep-Dm0c1Wj2.js:40634:23)
      at process.processTicksAndRejections (node:internal/process/task_queues:104:5)
      at async file:///E:/%E6%95%B0%E5%AA%92/lishui-web/node_modules/vite/dist/node/chunks/dep-Dm0c1Wj2.js:40753:37
      at async Promise.all (index 6)
      at async TransformPluginContext.transform (file:///E:/%E6%95%B0%E5%AA%92/lishui-web/node_modules/vite/dist/node/chunks/dep-Dm0c1Wj2.js:40680:7)
      at async EnvironmentPluginContainer.transform (file:///E:/%E6%95%B0%E5%AA%92/lishui-web/node_modules/vite/dist/node/chunks/dep-Dm0c1Wj2.js:42453:18)
      at async loadAndTransform (file:///E:/%E6%95%B0%E5%AA%92/lishui-web/node_modules/vite/dist/node/chunks/dep-Dm0c1Wj2.js:35845:27)
      at async viteTransformMiddleware (file:///E:/%E6%95%B0%E5%AA%92/lishui-web/node_modules/vite/dist/node/chunks/dep-Dm0c1Wj2.js:37369:24)
20:55:18 [vite] http proxy error: /api/weather
Error: connect ECONNREFUSED 127.0.0.1:8787
    at TCPConnectWrap.afterConnect [as oncomplete] (node:net:1705:16)
20:56:11 [vite] http proxy error: /api/weather
Error: connect ECONNREFUSED 127.0.0.1:8787
    at TCPConnectWrap.afterConnect [as oncomplete] (node:net:1705:16)
20:58:30 [vite] http proxy error: /api/weather
Error: connect ECONNREFUSED 127.0.0.1:8787
    at TCPConnectWrap.afterConnect [as oncomplete] (node:net:1705:16)
21:04:37 [vite] http proxy error: /api/weather
Error: connect ECONNREFUSED 127.0.0.1:8787
    at TCPConnectWrap.afterConnect [as oncomplete] (node:net:1705:16)
22:01:45 [vite] http proxy error: /api/weather
Error: connect ECONNREFUSED 127.0.0.1:8787
    at TCPConnectWrap.afterConnect [as oncomplete] (node:net:1705:16)
