
> lishui-web@0.1.0 prebuild
> npm run check:introductions


> lishui-web@0.1.0 check:introductions
> node scripts/check-node-introductions.mjs

简介覆盖检查通过：29/29，均有独立正文与出处。分类：{"山水":9,"美食":7,"民俗":10,"街区":3}。
含待补充资料说明：晶桥云片糕、明觉铁画锻制技艺、石臼渔歌。此检查不等同于事实全量审核。

> lishui-web@0.1.0 build
> vite build

vite v6.4.3 building for production...
transforming...
✓ 4692 modules transformed.
rendering chunks...
computing gzip size...
dist/index.html                                    1.04 kB │ gzip:   0.64 kB
dist/assets/JourneyThread-B011ALrr.css             0.78 kB │ gzip:   0.39 kB
dist/assets/NodeDetail-D_YREfsJ.css                1.29 kB │ gzip:   0.51 kB
dist/assets/Itinerary-DlJF22x8.css                 1.47 kB │ gzip:   0.60 kB
dist/assets/DragonExperience-DQlcaJei.css          3.97 kB │ gzip:   1.24 kB
dist/assets/Atlas-CaE0nYii.css                     5.58 kB │ gzip:   1.64 kB
dist/assets/Guide-Bfu_Ot0e.css                     6.83 kB │ gzip:   1.85 kB
dist/assets/Account-Sr5XgVIf.css                  11.11 kB │ gzip:   2.75 kB
dist/assets/index-z1ATaKDe.css                   153.49 kB │ gzip:  27.00 kB
dist/assets/latestRequest-CXPP6X6O.js              0.26 kB │ gzip:   0.19 kB
dist/assets/PageGuide-Boh5_VAq.js                  0.99 kB │ gzip:   0.59 kB
dist/assets/JourneyThread-c1czD6EQ.js              1.05 kB │ gzip:   0.62 kB
dist/assets/ServiceShortcuts-DQP0bM_z.js           1.12 kB │ gzip:   0.66 kB
dist/assets/ArrowLeft.es-BuwJyHj4.js               1.53 kB │ gzip:   0.60 kB
dist/assets/MagnifyingGlass.es-CG9yv9rz.js         1.62 kB │ gzip:   0.65 kB
dist/assets/X.es-1U25wKzc.js                       1.92 kB │ gzip:   0.64 kB
dist/assets/ArrowClockwise.es-dL0k_mzG.js          1.99 kB │ gzip:   0.77 kB
dist/assets/DownloadSimple.es-CpaG8hW4.js          2.00 kB │ gzip:   0.67 kB
dist/assets/weather-3F7hPszA.js                    4.26 kB │ gzip:   2.39 kB
dist/assets/CloudSun.es-CCTyU6Mq.js                4.83 kB │ gzip:   1.60 kB
dist/assets/Atlas-0EOwi-kO.js                      6.36 kB │ gzip:   2.85 kB
dist/assets/travelServices-DMUKrkXM.js             6.51 kB │ gzip:   3.48 kB
dist/assets/NodeDetail-BgTVpYMe.js                 7.35 kB │ gzip:   3.53 kB
dist/assets/Account-xj9v2q9t.js                    7.49 kB │ gzip:   3.11 kB
dist/assets/Translate.es-g5fVJitt.js               8.44 kB │ gzip:   2.43 kB
dist/assets/Nodes-Bs2fb95Q.js                     10.57 kB │ gzip:   3.81 kB
dist/assets/chat-Dz4gcJ-T.js                      10.81 kB │ gzip:   5.51 kB
dist/assets/DragonExperience-t2gA0kqS.js          12.39 kB │ gzip:   5.27 kB
dist/assets/Guide-BMcU7ZzD.js                     22.00 kB │ gzip:   8.28 kB
dist/assets/Services-DdrgHnim.js                  22.28 kB │ gzip:   8.02 kB
dist/assets/presetQA-DJiX3tdk.js                  29.20 kB │ gzip:  14.02 kB
dist/assets/itineraryRecommendation-CNoOApLa.js   36.21 kB │ gzip:  16.60 kB
dist/assets/Itinerary-Bvs4UMrZ.js                 39.79 kB │ gzip:  14.13 kB
dist/assets/index-C4OK3CDV.js                    435.35 kB │ gzip: 152.74 kB
✓ built in 18.53s
