
> lishui-web@0.1.0 prebuild
> npm run check:introductions


> lishui-web@0.1.0 check:introductions
> node scripts/check-node-introductions.mjs

简介覆盖检查通过：29/29，均有独立正文与出处。分类：{"山水":9,"美食":7,"民俗":10,"街区":3}。
含待补充资料说明：晶桥云片糕、明觉铁画锻制技艺、石臼渔歌。此检查不等同于事实全量审核。

> lishui-web@0.1.0 build
> vite build

vite v6.4.3 building for production...
transforming...
✓ 4681 modules transformed.
rendering chunks...
computing gzip size...
dist/index.html                                    1.04 kB │ gzip:   0.64 kB
dist/assets/JourneyThread-B011ALrr.css             0.78 kB │ gzip:   0.39 kB
dist/assets/NodeDetail-D_YREfsJ.css                1.29 kB │ gzip:   0.51 kB
dist/assets/Itinerary-DlJF22x8.css                 1.47 kB │ gzip:   0.60 kB
dist/assets/DragonExperience-DQlcaJei.css          3.97 kB │ gzip:   1.24 kB
dist/assets/Atlas-CaE0nYii.css                     5.58 kB │ gzip:   1.64 kB
dist/assets/Guide-Bfu_Ot0e.css                     6.83 kB │ gzip:   1.85 kB
dist/assets/Account-Sr5XgVIf.css                  11.11 kB │ gzip:   2.75 kB
dist/assets/index-LnuxO52N.css                   153.31 kB │ gzip:  26.95 kB
dist/assets/PageGuide-pFdW-K3N.js                  0.99 kB │ gzip:   0.58 kB
dist/assets/JourneyThread-5exSzVFq.js              1.05 kB │ gzip:   0.62 kB
dist/assets/ServiceShortcuts-rCei1nfd.js           1.09 kB │ gzip:   0.64 kB
dist/assets/ArrowLeft.es-D_v31OZr.js               1.53 kB │ gzip:   0.60 kB
dist/assets/MagnifyingGlass.es-CXgVg4SB.js         1.62 kB │ gzip:   0.65 kB
dist/assets/X.es-DAhj3tk6.js                       1.92 kB │ gzip:   0.64 kB
dist/assets/ArrowClockwise.es-DOJn13Ku.js          1.99 kB │ gzip:   0.77 kB
dist/assets/DownloadSimple.es-QH6M7YYB.js          2.00 kB │ gzip:   0.67 kB
dist/assets/CloudSun.es-MeREyHV4.js                4.83 kB │ gzip:   1.60 kB
dist/assets/Atlas-wfdUZz2S.js                      6.36 kB │ gzip:   2.84 kB
dist/assets/Account-COvJGO-d.js                    7.22 kB │ gzip:   3.02 kB
dist/assets/NodeDetail-BTjITP5L.js                 7.31 kB │ gzip:   3.51 kB
dist/assets/Translate.es-CSJ9tHNa.js               8.44 kB │ gzip:   2.43 kB
dist/assets/itineraryRecommendation-CQ1AHxjq.js   10.14 kB │ gzip:   5.46 kB
dist/assets/Nodes-BMr6q6-o.js                     10.53 kB │ gzip:   3.79 kB
dist/assets/chat-DsX8iTJq.js                      10.74 kB │ gzip:   5.52 kB
dist/assets/DragonExperience-6zPjUGYC.js          12.35 kB │ gzip:   5.25 kB
dist/assets/Services-rvXY6THi.js                  20.62 kB │ gzip:   7.30 kB
dist/assets/Guide-CdYfrd8I.js                     21.66 kB │ gzip:   8.17 kB
dist/assets/presetQA-Dp3fFWhR.js                  29.16 kB │ gzip:  13.99 kB
dist/assets/Itinerary-DMCg1OJ3.js                 39.72 kB │ gzip:  14.10 kB
dist/assets/index-9QSsk_zE.js                    442.66 kB │ gzip: 155.78 kB
✓ built in 4.94s
