
> lishui-web@0.1.0 demo:offline:build
> node scripts/build-offline-demo.mjs

vite v6.4.3 building for offline...
transforming...
✓ 4681 modules transformed.
rendering chunks...
computing gzip size...
.local_demo/site/index.html                                    1.04 kB │ gzip:   0.64 kB
.local_demo/site/assets/JourneyThread-B011ALrr.css             0.78 kB │ gzip:   0.39 kB
.local_demo/site/assets/NodeDetail-D_YREfsJ.css                1.29 kB │ gzip:   0.51 kB
.local_demo/site/assets/Itinerary-DlJF22x8.css                 1.47 kB │ gzip:   0.60 kB
.local_demo/site/assets/DragonExperience-DQlcaJei.css          3.97 kB │ gzip:   1.24 kB
.local_demo/site/assets/Atlas-CaE0nYii.css                     5.58 kB │ gzip:   1.64 kB
.local_demo/site/assets/Guide-Bfu_Ot0e.css                     6.83 kB │ gzip:   1.85 kB
.local_demo/site/assets/Account-Sr5XgVIf.css                  11.11 kB │ gzip:   2.75 kB
.local_demo/site/assets/index-LnuxO52N.css                   153.31 kB │ gzip:  26.95 kB
.local_demo/site/assets/PageGuide-DlfzYd7m.js                  0.99 kB │ gzip:   0.58 kB
.local_demo/site/assets/JourneyThread-CcbsHVY0.js              1.05 kB │ gzip:   0.62 kB
.local_demo/site/assets/ServiceShortcuts-BMLZjySO.js           1.09 kB │ gzip:   0.64 kB
.local_demo/site/assets/ArrowLeft.es-BMaRyzJO.js               1.53 kB │ gzip:   0.60 kB
.local_demo/site/assets/MagnifyingGlass.es-BFs03n3e.js         1.62 kB │ gzip:   0.65 kB
.local_demo/site/assets/X.es-YQGZNIp-.js                       1.92 kB │ gzip:   0.64 kB
.local_demo/site/assets/ArrowClockwise.es-B9HEHLlD.js          1.99 kB │ gzip:   0.77 kB
.local_demo/site/assets/DownloadSimple.es-CsaWGTV2.js          2.00 kB │ gzip:   0.67 kB
.local_demo/site/assets/CloudSun.es-729pO0hq.js                4.83 kB │ gzip:   1.60 kB
.local_demo/site/assets/Atlas-B8PSMLJD.js                      6.36 kB │ gzip:   2.84 kB
.local_demo/site/assets/Account-D3w9g_1W.js                    7.22 kB │ gzip:   3.02 kB
.local_demo/site/assets/NodeDetail-j32qR-Q8.js                 7.31 kB │ gzip:   3.51 kB
.local_demo/site/assets/Translate.es-DrihBwDm.js               8.44 kB │ gzip:   2.42 kB
.local_demo/site/assets/itineraryRecommendation-D4gcQPdJ.js   10.14 kB │ gzip:   5.46 kB
.local_demo/site/assets/chat-Mab97Dlu.js                      10.40 kB │ gzip:   5.40 kB
.local_demo/site/assets/Nodes-B1qaMfZK.js                     10.53 kB │ gzip:   3.78 kB
.local_demo/site/assets/DragonExperience-xCaLJKfj.js          12.35 kB │ gzip:   5.25 kB
.local_demo/site/assets/Services-CRZSc7CS.js                  20.74 kB │ gzip:   7.39 kB
.local_demo/site/assets/Guide-BpEwei6y.js                     21.66 kB │ gzip:   8.17 kB
.local_demo/site/assets/presetQA-BSrKOt6J.js                  29.16 kB │ gzip:  14.00 kB
.local_demo/site/assets/Itinerary-B7FwPsVF.js                 38.38 kB │ gzip:  13.65 kB
.local_demo/site/assets/index-D6OVuZ0B.js                    436.64 kB │ gzip: 153.32 kB
✓ built in 4.63s
离线演示构建完成：87个文件，13639034字节。目录：.local_demo
