
> lishui-web@0.1.0 test:dialogue
> node --test scripts/dialogue-context.test.mjs scripts/review-dialogue.test.mjs

✔ 问好跨过已选地点和服务直接流式闲聊，不深入知识库 (9.2104ms)
✔ 导游建议或行程草稿的地点不能被当作游客已选择的酒店片区 (13.6728ms)
✔ 反驳被记错的地点继续住宿流程，清除被否定条件并保留真实日期预算 (2.6592ms)
✔ 纠正为另一个地点、随后补日期及预算，查询只使用最新真实条件 (2.087ms)
✔ 截图中的逗号分隔条件接回规划，预算记成总预算且不变成酒店每晚预算 (2.7675ms)
✔ 问候插入多轮规划后仍可继续，主动换成学习写作时不沿用旅游任务 (0.2486ms)
✔ 长对话压缩保留真实规划和纠正锚点，仍遵守六条历史的原校验上限 (0.5733ms)
✔ 含糊旅游推荐由语义分类接入推荐，分类器不生成条件或放行事实约束 (0.6665ms)
✔ 仅纠正知识话题时直接确认更正，不把否认地名当新知识问题 (0.2798ms)
✔ 18轮消息后仍保留两天、周园、排除无想山，而不是被问候挤出上下文 (9.2122ms)
✔ 酒店任务经过多轮闲聊仍接收新的预算，保留入住退房和目的地 (3.596ms)
✔ 日期单独回复“明天”接回规划并保存 (0.7641ms)
✔ 日期单独回复“后天”接回规划并保存 (0.54ms)
✔ 日期单独回复“2026年10月10日”接回规划并保存 (0.5124ms)
✔ 人数“三个人”原样保留人数边界 (0.7821ms)
✔ 人数“两位”原样保留人数边界 (0.3595ms)
✔ 人数“3人以上”原样保留人数边界 (0.3521ms)
✔ 人数“我一个人”原样保留人数边界 (0.3316ms)
✔ 同行需求修订“不带孩子，只有两个人”覆盖旧条件 (0.4104ms)
✔ 同行需求修订“不带老人，我们是朋友”覆盖旧条件 (0.3031ms)
✔ 同行需求修订“带两个孩子”覆盖旧条件 (0.2629ms)
✔ 同行需求修订“带两位老人”覆盖旧条件 (0.2447ms)
✔ 交通修订“不是没车，是自驾”不被否定词劫持 (0.5153ms)
✔ 交通修订“不自驾，改坐公交”不被否定词劫持 (0.6735ms)
✔ 交通修订“不坐公交，改成步行”不被否定词劫持 (0.4616ms)
✔ 交通修订“没车”不被否定词劫持 (0.5963ms)
✔ 知识问题“天生桥门票多少钱”不等于选择旅游目的地 (0.4716ms)
✔ 知识问题“洪蓝手抓鸡怎么吃”不等于选择旅游目的地 (0.5052ms)
✔ 知识问题“无想山有哪些看点”不等于选择旅游目的地 (0.4499ms)
✔ “无想山呢”继承上一轮门票维度，回答无想山票价，不转成名字传说 (0.5667ms)
✔ “第一站门票多少钱”按上一轮列出的地点顺序定位 (0.8659ms)
✔ “第二个门票多少钱”按上一轮列出的地点顺序定位 (0.6559ms)
✔ “第三个有哪些看点”按上一轮列出的地点顺序定位 (0.0785ms)
✔ 多个地点后的“它的门票”明确让用户选一处，不随机解释无想山 (0.2373ms)
✔ 知识介绍后说“这两处怎么串起来”进入知识库路线安排 (0.9939ms)
✔ 旅游后切换考试、电影、代码安排，不返回溧水路线 (0.3155ms)
✔ 改为自驾以后，旧“没车”条件不再强制城中路线 (0.4647ms)
✔ 不完整的周末日期不悄悄使用今天，明确星期可以按日历查预报 (1.3768ms)
✔ 长中文历史不触发24KB拒绝，保留用户条件与最新回答，不修改原消息 (36.6352ms)
✔ 实际知识模型流先给无依据数字，接口与前端都只接收校验后失败结果 (7.9021ms)
✔ 普通聊天与校验过的推荐仍在完成之前显示真实delta (0.0915ms)
✔ 明确“换成周园”替换原选无想山，而不是同时保留两个目的地 (0.8916ms)
✔ 出发与返程日期各自对应“2026-10-09出发，2026-10-10返程” (0.9916ms)
✔ 出发与返程日期各自对应“明天出发，后天返回” (1.0805ms)
✔ 否定的服务“推荐溧水一日游，不需要酒店”不抢走路线安排 (0.5829ms)
✔ 否定的服务“不用查天气，给我完整行程”不抢走路线安排 (0.5013ms)
✔ 补充预算日期后的推荐明确衔接本轮，记住的条件可从正文核对 (0.7937ms)
✔ 只问周园看点不强行选入行程，但明确“这两处串起来”采用刚介绍的两处 (1.4849ms)
✔ 多轮普通改写保留最初的小林与忘浇花要求，不进入旅游检索 (1.9685ms)
✔ 普通聊天明确换到闭包问题不继承前一项道歉写作 (0.2308ms)
✔ “把上面的回答翻译成英文”翻译上一条完整答案，不检索新事实 (0.824ms)
✔ “翻译一下”翻译上一条完整答案，不检索新事实 (0.7123ms)
✔ “翻译上一段成日语”翻译上一条完整答案，不检索新事实 (0.9549ms)
✔ 引用翻译没有上一条答案时要求提供文字，不把指令本身翻译 (0.5967ms)
✔ 明确带引号的新文本优先于上一条答案 (0.4ms)
✔ “不要旅游例子”是写作限制，后续改写和问候不被记成旅行需求 (4.3103ms)
✔ 短对话中的礼貌招呼不替换待改写作品；传给模型的原始消息仍逐字保留 (0.1317ms)
✔ 推荐兴趣修订“不带孩子，朋友两个人自驾”覆盖旧主题 (0.4379ms)
✔ 推荐兴趣修订“不喜欢人文，想看自然山水”覆盖旧主题 (0.381ms)
✔ 推荐兴趣修订“改成人文收藏建筑”覆盖旧主题 (0.4972ms)
✔ 纯问候生成不携带旧住宿任务，但下一轮酒店追问仍能接回用户条件 (2.6668ms)
✔ 两天模型选择重复周园时，后一天改用同知识库的不同地点，街区可继续停留 (0.9361ms)
ℹ tests 62
ℹ suites 0
ℹ pass 62
ℹ fail 0
ℹ cancelled 0
ℹ skipped 0
ℹ todo 0
ℹ duration_ms 240.5169
