✔ 登录只返回公开用户，生产 Cookie 为 HttpOnly / Secure / SameSite (75.6345ms)
✔ 注册直接登录，无邮件确认或验证码，只保留有期限的访问Cookie (14.7896ms)
✔ 账号写入拒绝跨站、无 Origin、错误方法与过长请求 (22.8451ms)
✔ 保存归属由会话决定；第二账号不能读、改或回收第一账号的卡 (21.6423ms)
✔ 行程版本冲突返回409，回收与恢复可逆，载入保持日期预算 (27.9668ms)
✔ 过期访问令牌不刷新，旧刷新Cookie无效；正常退出撤销会话并清 Cookie (15.0276ms)
✔ 失效刷新会话清除、未配置离线状态如实返回、账号请求独立限流 (34.8844ms)
✔ 保存清理危险外链和原型键；未知节点不进入卡片 (14.4253ms)
✔ Supabase客户端用户JWT在请求头、归属和版本过滤生效，供应商错误不透出 (2.519ms)
✔ 不接受service_role/secret key、不接受自定义Supabase地址 (14.6163ms)
✔ 本地访客与两个账号草稿各自恢复，账户切换不会覆盖另一份草稿 (0.5834ms)
✔ 住宿日期和预算校验，不把缺失价格和库存补成可用房 (24.865ms)
✔ 向量相似度与引用白名单，非法模型引用回退到真实证据 (25.0085ms)
✔ 每位角色缺资料时使用联网补充，搜索资料保留未审标记 (2.3204ms)
✔ 跨板块按依赖执行，部分天气失败仍能查住宿、地图并翻译汇总 (5.1733ms)
✔ 住宿没有日期时不触发供应商；新日期优先于历史，紧急求助直接答复 (6.066ms)
✔ 服务端拒绝未知智能体、恶意来源和格式错误，日志与错误不泄漏凭据 (82.5998ms)
✔ 第三方错误体和密钥查询参数不流向客户端 (1.3035ms)
✔ 票价搜索摘要有差异时不生成现行价格结论，旅行目的地决定天气地点 (4.8217ms)
✔ 网络分片中的中文问题完整解码后再路由 (21.3272ms)
✔ 游客文案覆盖新增语料，吃法不夹非遗元数据，传说和票价边界保留 (2.4033ms)
✔ 普通聊天的真实token先于HTTP最终结果到达，校验过的知识完成事件另行展示 (83.7129ms)
✔ 真实模型HTTP SSE分片解码，不展示思考字段；请求携带stream:true (49.1104ms)
✔ 没有DONE或长度截断的流必须失败；部分文字不能冒充完整答复 (2.1181ms)
✔ 生成失败或无证据相关性时不回填一个无关整段答案 (44.1233ms)
✔ 已流式文字在取消后不再出现完成事件 (3.0879ms)
✔ 分段保留全答复及传说限定语，Unicode字符不被拆开 (2.4154ms)
✔ 点击只准备声音，真实start/end驱动字幕和结束；后续段未开始不显示播放 (1.1352ms)
✔ 停止后迟到的start/end/error不恢复播放或覆盖新答复 (0.3459ms)
✔ 重播从答复第一字开始，不叠加旧语音 (0.1863ms)
✔ 仅使用本地中文声音，不默认采用远程中文或本机英文 (0.2679ms)
✔ 异步voice清单加载后播放；停止或卸载会移除监听与定时器 (0.2445ms)
✔ 没有voice清单或无法启动会给出可恢复错误，播放超时会停止声音 (0.3374ms)
✔ 不支持API、调用异常或设备error均保留文字路径；空文字不入队 (0.3382ms)
✔ API连接断开：JSON和流式客户端给网络提示，不返回伪结果 (56.6933ms)
✔ 流只返回状态便结束：不得把正在查询当作完整答复 (18.1012ms)
✔ 客户端真实期限到达：JSON及流读取都终止并显示超时 (221.0373ms)
✔ 服务端超时事件：保留错误，拒绝将其包装成成功 (5.8462ms)
✔ 主动取消和网络故障有区别：调用方取消信号不被改写 (2.6227ms)
✔ 用户撤下条目不会出现在目录、栏目或现行问答，旧API请求也不能继续推荐 (2.3709ms)
✔ 旧收藏剔除撤下地点，保留有效地点与用户条件；不把万达迁移成不同地点 (7.3894ms)
✔ 撤下待核不充作审核通过，修订与新增单独记入已审数，童谣仍隔离 (0.4073ms)
✔ 图鉴每项正文出处可用，当前29项配图实际存在，撤下节点不再公开 (8.2098ms)
✔ 审核状态、节点和引用完整，主打节点各有三条可调用问答 (2.8135ms)
✔ 逐条原问题返回对应答案，待核原问题一律隔离 (0.9929ms)
✔ 同一地名下的不同意图及大小写标点变体不会串题 (0.9652ms)
✔ 缺资料、待核意图、模糊输入及跨节点查询不猜答案 (0.3609ms)
✔ 知识回答携带可展示的来源，地铁知识不被通用交通路由吞掉 (28.7178ms)
✔ 紧急求助、实际换乘及退改优先分流；待核问题走资料不足兜底 (32.3314ms)
✔ 语音开始/结束控制形象，多个播报来源不会互相误清状态 (2.2761ms)
✔ 准备声音时保持站立，真实start进入讲话，最后end与取消自动切回 (1.4492ms)
✔ 出行条件与输入草稿刷新保留，存储不可用和损坏时安全恢复 (6.9092ms)
✔ 保存条件只接收白名单字符串，非法日期和未知交通方式不恢复 (0.3138ms)
✔ 游客明确输入才更新偏好，总预算不会被当作每晚住宿预算 (41.4457ms)
✔ 重试快照不受后来修改的地点、偏好和历史消息影响 (1.7987ms)
✔ 缺条件选项保留未知数量边界，已有条件不被重复询问 (1.187ms)
✔ 自填日期和住宿选项使用真实用户条件，查询天气不会改写行程日期 (0.3519ms)
✔ 服务端needs_input仍不调用住宿提供商，选项穿过合并回复完整到达 (10.389ms)
✔ 无资料时相关卡片只指向当前节点和已有已审问题 (0.8704ms)
✔ 键盘缩小可视区域时输入面板跟随，缩放及未聚焦不会误判键盘 (0.303ms)
✔ 阅读旧消息时不追随新答复，接近底部才继续跟随 (0.2397ms)
✔ 地名答复给出文章解释，保留原始史料未互证边界；展示馆计划不转成开放承诺 (1.0908ms)
✔ 铁画的市级正式认定与媒体省级说法分开，不从缺文件推出从未升级 (0.242ms)
✔ 童谣原题、变体、无节点及其他节点均不输出未审歌词或调用外部服务 (25.0643ms)
✔ 童谣隔离不抢走紧急求助 (1.3459ms)
✔ 带引号的纯翻译只翻译指定文本，不被其中童谣词误拦截 (33.7504ms)
✔ 四个主打节点的五项指南均有对应正文、出处和运营待确认项 (2.288ms)
✔ 建成时间、人物身份和文化背景不会放行未核细节 (0.7376ms)
✔ 传统会期、农业采收和同名歌曲保留各自的时效及资料边界 (0.3067ms)
✔ 全部完整节点QA使用对应游客版，审核来源不变且不触发外部服务 (12.2479ms)
✔ 已审人物变体答复不会混入相反的未审改名故事 (47.1812ms)
✔ 新增问答覆盖四类21个当前节点，每个两项，来源完整且游客正文无审核元数据 (2.9702ms)
✔ 六类设施各三项，仅为行前建议，完整问题走固定问答且保留业务服务归属 (0.5187ms)
✔ 缺来源的节点及具体设施事实都隔离，未混入获审语料或问答 (3.9165ms)
✔ 主题草案保留个人条件，不伪造地点、时间、费用、路线或设施 (1.3241ms)
✖ E:\数媒\lishui-web\scripts\conversation.test.mjs (640.0135ms)
✔ P1 宽泛推荐：有没有推荐 (49.2824ms)
✔ P1 宽泛推荐：推荐几个地方 (2.2083ms)
✔ P1 宽泛推荐：溧水有什么好玩的 (1.5369ms)
✔ P1 宽泛推荐：帮我推荐些景点 (1.1503ms)
✔ P1 宽泛推荐：哪里值得去 (0.8506ms)
✔ P1 宽泛推荐：去哪玩 (0.7417ms)
✔ P1 已审完整问答在无节点、规划历史和错误模型路由下仍返回原游客版 (11.2176ms)
✔ P1 具体节点及人物问题不被宽泛推荐劫持 (6.6338ms)
✔ P1 景点推荐使用主打节点已审简介，并附主题、引导和节点入口 (0.627ms)
✔ P1 住宿上下文或住宿页的简短求推荐仍接回住宿，明确景点推荐可换主题 (10.2006ms)
✔ P2 主题、预算和日期进入条件引导，不把旅游预算当作每晚房价 (5.2511ms)
✔ P2 裸预算支持以内、元以内和明确住宿，行程总预算不覆盖住宿偏好 (0.8072ms)
✔ P3 多日完整行程：能帮我完成三日游溧水的规划吗 (3.182ms)
✔ P3 多日完整行程：溧水三日游 (4.0284ms)
✔ P3 多日完整行程：溧水3日游 (2.7126ms)
✔ P3 HTTP SSE增量与完整三日行程一致，仍保留单导游与安全协议 (73.6031ms)
✔ P4 季节景点推荐：溧水十月有什么值得去的 (0.6731ms)
✔ P4 季节景点推荐：溧水10月份推荐 (0.3251ms)
✔ P4 季节景点推荐：十一月 (0.4913ms)
✔ P4 季节景点推荐：溧水春天去哪玩 (0.5891ms)
✔ P4 季节景点推荐：溧水秋季有什么推荐 (0.4945ms)
✔ P4 季节景点推荐：溧水春夏秋冬推荐哪些地方 (0.5362ms)
✔ P4 季节与明确三日行程同时出现时，按要求保留行程优先级 (3.0888ms)
✔ P4 季节词不会覆盖具体节点事实、酒店、班次、人物或写作问题 (0.9089ms)
✔ P5 动态问题无证据或只有未选中证据，都提供票价待核提示、主题卡片与引导 (6.7418ms)
✔ P5 非动态未知保留原话术并提供继续了解入口，不把无证据变成成功 (2.6264ms)
✔ P5 有相关网页但没有现行票价证据，也保留待核边界和后续入口 (2.6041ms)
✔ 客户15问：有没有推荐 (2.2774ms)
✔ 客户15问：溧水，自然，2000以内，明天出发 (2.199ms)
✔ 客户15问：能帮我完成三日游溧水的规划吗 (2.0416ms)
✔ 客户15问：溧水十月有什么值得去的 (0.3364ms)
✔ 客户15问：傅家边门票多少钱 (0.7358ms)
✔ 客户15问：周园值得去吗？ (0.1121ms)
✔ 客户15问：周邦彦和溧水有什么关系？ (0.0516ms)
✔ 客户15问：天生桥是天然的还是人工的？ (0.0437ms)
✔ 客户15问：胭脂河的水为什么是红的？ (0.0483ms)
✔ 客户15问：无想山名字是怎么来的？ (0.0508ms)
✔ 客户15问：傅家边什么时候去最好？ (0.0431ms)
✔ 客户15问：石臼湖名字怎么来的？ (0.0436ms)
✔ 客户15问：石臼湖水上列车是什么？ (0.0452ms)
✔ 客户15问：洪蓝手抓鸡怎么吃？ (0.0434ms)
✔ 客户15问：骆山大龙是几级非遗？ (0.0416ms)
✔ 问答按需载入并复用，原问题、上下文及流式回调完整传递 (1.4423ms)
✔ 模块载入期间停止查询，载入完成后不再执行问答 (1.2016ms)
✔ 已经停止的查询不会触发模块下载 (1.4537ms)
✔ 下载失败给中文恢复提示，之后的新请求可以重新载入 (0.4301ms)
✔ 问答本身的失败仍交给原会话处理，不反复下载已载入的模块 (0.3746ms)
✔ 问好跨过已选地点和服务直接流式闲聊，不深入知识库 (26.701ms)
✔ 导游建议或行程草稿的地点不能被当作游客已选择的酒店片区 (33.3813ms)
✔ 反驳被记错的地点继续住宿流程，清除被否定条件并保留真实日期预算 (7.7871ms)
✔ 纠正为另一个地点、随后补日期及预算，查询只使用最新真实条件 (6.231ms)
✔ 截图中的逗号分隔条件接回规划，预算记成总预算且不变成酒店每晚预算 (10.1815ms)
✔ 问候插入多轮规划后仍可继续，主动换成学习写作时不沿用旅游任务 (0.5302ms)
✔ 长对话压缩保留真实规划和纠正锚点，仍遵守六条历史的原校验上限 (1.5357ms)
✔ 含糊旅游推荐由语义分类接入推荐，分类器不生成条件或放行事实约束 (1.6594ms)
✔ 仅纠正知识话题时直接确认更正，不把否认地名当新知识问题 (1.5352ms)
✔ 三个知识点仍对应获审事实及原始出处；规模与传说边界不丢失 (1.5749ms)
✔ 第一次错误选择保留；刷新恢复会重新计算得分，拒绝旧版和损坏记录 (4.9449ms)
✔ 文化记录存储禁用不会抛错或阻塞本次结果 (0.3248ms)
✔ 长中文、百分号链接、组合字符及空行跨页后能还原全文，无省略或裁切 (16.7114ms)
✔ 所有节点的大行程也可分页完整导出；未知费用和待确认项不被抹掉 (11.1645ms)
✔ 当前编辑与导航链接进入导出，聊天和配置字段不会进入 (0.9642ms)
✔ 旧单值费用不被推算成区间；补全上下限后计算、保存和导出一致 (1.6282ms)
✔ 倒置、负数和只有上限的区间不能当成有效费用；区间上限超预算会提示 (0.5507ms)
✔ 淮源姐持有36条基础知识，来源与审核日期完整 (1.3342ms)
✔ 全部服务基础QA在线服务端与客户端答复一致并保留角色、引用 (26.612ms)
✔ 单一翻译含景点上下文、天气与订房文字时只翻译指定文本 (33.9368ms)
✔ 单一天气或缺日期住宿不会因名片上下文查无关资料 (7.3781ms)
✔ 住宿多轮沿用日期，新预算仍触发真实工具路径 (5.162ms)
✔ 未经审核的网络传说摘录被过滤，选中引用不附带无关网页 (5.8836ms)
✔ 派生修复完整保留187行出处，童谣待核不进入批准索引 (8.5626ms)
✔ 首页主题计数来自实际栏目，预览节点与素材有效 (7.1428ms)
✔ 首页问答只露出已审条目，游客正文不带审核元数据 (0.7102ms)
✔ 线路预览只使用现有草案和节点照片，保留待确认边界 (1.7506ms)
✔ 不先截掉候选，默认舒适型查询包含排在旧低价前五之后的全季桔子 (2.0803ms)
✔ 真实rate评分字段被正确读取，高分排序不被高价格代替，缺评分不补0或4.9 (0.4757ms)
✔ 要求评分优先但供应商缺少数值时，仍提供舒适连锁候选而不是原始低价前五 (0.3156ms)
✔ 显式低预算仍能查便宜酒店，不强加价格下限；预算上下限都严格遵守 (0.196ms)
✔ 华住明确筛选与全季单品牌筛选不混入其他集团或南京其他区 (0.3666ms)
✔ 品牌条件“华住会旗下酒店”正确解析 (0.457ms)
✔ 品牌条件“优先桔子水晶”正确解析 (1.5813ms)
✔ 品牌条件“想住全季大观”正确解析 (0.1786ms)
✔ 品牌条件“不要全季，改找桔子”正确解析 (0.1887ms)
✔ 品牌条件“全季不考虑，想住汉庭”正确解析 (0.2496ms)
✔ 品牌条件“品牌不限”正确解析 (0.1905ms)
✔ 价格区间不会把入住日期里的2026-10误认为预算，之后提高上限或取消预算覆盖旧范围 (13.061ms)
✔ 没有明确数值评分的结果不能冒充评分4.8以上，可返回清晰的品牌比较路径 (0.2657ms)
✔ 换一批只排除上一批真实酒店，剩余候选重新筛选，不编造新酒店 (0.5385ms)
✔ 不要全季、品牌不限不会又排回全季；重新指定全季可撤销旧排除 (0.341ms)
✔ 长住宿对话中的品牌、评分和预算范围不会被问候挤掉 (12.4824ms)
✔ 品牌或评分追问沿用酒店任务与日期，问好仍不触发酒店检索 (13.0612ms)
✔ CLI用实际支持的rate_desc与带目的地的品牌关键词；价格与距离排序可明确改变 (2.783ms)
✔ 非法筛选条件在调用供应商前拒绝，原日期和maxPrice校验继续生效 (2.0415ms)
✔ 未知报价、库存、星级和恶意链接不变成已确认事实，价格原样显示 (0.2054ms)
✔ HTTP酒店接口与聊天使用同一筛选排序，聊天展示供应商评分和平台类型 (70.2322ms)
✔ 旧收藏迁移、去重与损坏数据安全处理；存储禁用不会阻塞编辑 (3.6701ms)
✔ 两条场景只填明示的草案地点，保留条件，不编造日期、预算或人数 (5.7273ms)
✔ 交通失败、不可达、过期及缺时长均保留未知，不用零分钟填平 (2.51ms)
✔ 时间重叠、晚返与超预算显式提示；未知路段也不能掩盖重叠 (0.5367ms)
✔ 地点、日期、交通与顺序变化不沿用其他路段估时 (0.5223ms)
✔ 路线响应与保存数据校验，空路线不是成功，缺duration不是0 (0.8716ms)
✔ 复制包括来源、缺失条件和真实导航参数，不导出凭据或聊天 (1.08ms)
✔ 保存失败时复制和图片共用的导出正文不宣称已经保存，未提供状态时保持未知 (0.4024ms)
✔ 日期与天气不匹配、预报过期保持待确认，坏日期不参与天气核对 (0.6781ms)
✔ 接口失败、断网、非JSON及超时转成可读提示，显式取消不误报超时 (30.1391ms)
✔ 离线视频以正确类型返回，浏览器范围读取含尾段/HEAD及无效范围 (291.1485ms)
✔ 六位功能专家的工具严格匹配；唯一人格不添加电话或独立发言人 (3.1073ms)
✔ 周末两天场景派出四位专家并汇总；缺日期不查房价，失败不伪装成功 (37.4579ms)
✔ 两天排版兜底不新增事实，默认预报日期不冒充用户出发日期 (0.1999ms)
✔ 普通追问复用用户历史和已给条件；只问缺少的另一端住宿日期 (0.4504ms)
✔ 日期待定或非法的部分条件仍是needs_input，选项不抛异常或调用住宿供应商 (4.9016ms)
✔ 人格进入生成prompt；缺证据提供官方公告/现场路径，不编联系方式 (9.2119ms)
✔ 来源分节只包含选中的证据；联网待核与真实天气分开，失败不挂实时来源 (4.545ms)
✔ 人格不能绕过数字、引用和传说校验，不向游客展示不合格生成结果 (5.9042ms)
✔ 关于页与开场只有主导游，后台共享规则且不开放角色选择 (7.9921ms)
✔ 推荐问题直接完成上午午间下午安排，无日期或指定景点也有完整路线 (46.0061ms)
✔ 十月不推断花期采摘与活动；每个看点句都来自现有已审介绍 (1.0998ms)
✔ 新天数、同行人与去掉地点可继续修改；无车与银发采用城中少换点方案 (15.0091ms)
✔ 真正的交通、房价、天气与演出仍走原工具，不被推荐捷径吞掉；一般学习不误判 (1.1995ms)
✔ 模型不能把任意事实或不存在的地点送入答案；出错仍有已审知识组成的完整安排 (3.896ms)
✔ HTTP SSE每个时段在上游生成期间逐段呈现，分片JSON先校验，最终文本与delta一致 (60.0066ms)
✔ 停止推荐中断真实上游生成，不在取消后继续补全安排 (80.7554ms)
✔ 采用推荐可保存站点顺序与跨日日期，保留用户预算和人数，不生成费用耗时或坐标 (2.2139ms)
✔ 18轮消息后仍保留两天、周园、排除无想山，而不是被问候挤出上下文 (27.0597ms)
✔ 酒店任务经过多轮闲聊仍接收新的预算，保留入住退房和目的地 (8.0018ms)
✔ 日期单独回复“明天”接回规划并保存 (1.1045ms)
✔ 日期单独回复“后天”接回规划并保存 (0.7288ms)
✔ 日期单独回复“2026年10月10日”接回规划并保存 (0.7456ms)
✔ 人数“三个人”原样保留人数边界 (0.6771ms)
✔ 人数“两位”原样保留人数边界 (0.6274ms)
✔ 人数“3人以上”原样保留人数边界 (0.5622ms)
✔ 人数“我一个人”原样保留人数边界 (0.8255ms)
✔ 同行需求修订“不带孩子，只有两个人”覆盖旧条件 (0.6232ms)
✔ 同行需求修订“不带老人，我们是朋友”覆盖旧条件 (0.488ms)
✔ 同行需求修订“带两个孩子”覆盖旧条件 (0.4842ms)
✔ 同行需求修订“带两位老人”覆盖旧条件 (0.4433ms)
✔ 交通修订“不是没车，是自驾”不被否定词劫持 (0.8918ms)
✔ 交通修订“不自驾，改坐公交”不被否定词劫持 (1.1727ms)
✔ 交通修订“不坐公交，改成步行”不被否定词劫持 (1.4231ms)
✔ 交通修订“没车”不被否定词劫持 (1.8426ms)
✔ 知识问题“天生桥门票多少钱”不等于选择旅游目的地 (1.657ms)
✔ 知识问题“洪蓝手抓鸡怎么吃”不等于选择旅游目的地 (1.4094ms)
✔ 知识问题“无想山有哪些看点”不等于选择旅游目的地 (1.7763ms)
✔ “无想山呢”继承上一轮门票维度，回答无想山票价，不转成名字传说 (2.6337ms)
✔ “第一站门票多少钱”按上一轮列出的地点顺序定位 (1.5058ms)
✔ “第二个门票多少钱”按上一轮列出的地点顺序定位 (0.9472ms)
✔ “第三个有哪些看点”按上一轮列出的地点顺序定位 (0.2199ms)
✔ 多个地点后的“它的门票”明确让用户选一处，不随机解释无想山 (0.6808ms)
✔ 知识介绍后说“这两处怎么串起来”进入知识库路线安排 (3.2934ms)
✔ 旅游后切换考试、电影、代码安排，不返回溧水路线 (1.7591ms)
✔ 改为自驾以后，旧“没车”条件不再强制城中路线 (2.2683ms)
✔ 不完整的周末日期不悄悄使用今天，明确星期可以按日历查预报 (3.576ms)
✔ 长中文历史不触发24KB拒绝，保留用户条件与最新回答，不修改原消息 (65.9828ms)
✔ 实际知识模型流先给无依据数字，接口与前端都只接收校验后失败结果 (13.2904ms)
✔ 普通聊天与校验过的推荐仍在完成之前显示真实delta (0.1223ms)
✔ 明确“换成周园”替换原选无想山，而不是同时保留两个目的地 (2.0353ms)
✔ 出发与返程日期各自对应“2026-10-09出发，2026-10-10返程” (0.4929ms)
✔ 出发与返程日期各自对应“明天出发，后天返回” (0.8395ms)
✔ 否定的服务“推荐溧水一日游，不需要酒店”不抢走路线安排 (1.1306ms)
✔ 否定的服务“不用查天气，给我完整行程”不抢走路线安排 (1.118ms)
✔ 补充预算日期后的推荐明确衔接本轮，记住的条件可从正文核对 (2.2736ms)
✔ 只问周园看点不强行选入行程，但明确“这两处串起来”采用刚介绍的两处 (4.1531ms)
✔ 多轮普通改写保留最初的小林与忘浇花要求，不进入旅游检索 (4.4076ms)
✔ 普通聊天明确换到闭包问题不继承前一项道歉写作 (0.4204ms)
✔ “把上面的回答翻译成英文”翻译上一条完整答案，不检索新事实 (2.5067ms)
✔ “翻译一下”翻译上一条完整答案，不检索新事实 (2.1511ms)
✔ “翻译上一段成日语”翻译上一条完整答案，不检索新事实 (1.5754ms)
✔ 引用翻译没有上一条答案时要求提供文字，不把指令本身翻译 (0.9152ms)
✔ 明确带引号的新文本优先于上一条答案 (0.622ms)
✔ “不要旅游例子”是写作限制，后续改写和问候不被记成旅行需求 (6.7765ms)
✔ 短对话中的礼貌招呼不替换待改写作品；传给模型的原始消息仍逐字保留 (0.2011ms)
✔ 推荐兴趣修订“不带孩子，朋友两个人自驾”覆盖旧主题 (0.7622ms)
✔ 推荐兴趣修订“不喜欢人文，想看自然山水”覆盖旧主题 (0.8531ms)
✔ 推荐兴趣修订“改成人文收藏建筑”覆盖旧主题 (1.5197ms)
✔ 纯问候生成不携带旧住宿任务，但下一轮酒店追问仍能接回用户条件 (4.6317ms)
✔ 两天模型选择重复周园时，后一天改用同知识库的不同地点，街区可继续停留 (1.7879ms)
✔ 已审传说有出处及结尾未确证说明，不把地方故事当史实或岩土成因 (1.1978ms)
✔ 三景区票价前后端一致，包含日期、优惠范围与未确认资格，不调用售票 (6.5453ms)
✔ 票价的不同问法及上一轮景点上下文可直接回答，明确新地点覆盖旧地点 (7.2173ms)
✔ 纯翻译中的票价名词不触发票务查询 (22.4864ms)
✔ 缺日期保留已知预算并给接驳核对建议，只追问缺项，不调用住宿供应商 (7.285ms)
✔ 继承用户的日期与住宿意图，预算修订后查询完整条件，不把助手文字当要求 (5.5732ms)
✔ 沿用出发地和地点、遵守新交通方式；缺目的地说明无法给完整路线，地图不乱猜 (3.8008ms)
✔ 离线住宿沿用日期和修订预算、交通方式，避免重复追问已经给出的日期 (3.0102ms)
✔ 单独退房日期只改退房；相对日期按北京时间，普通缺天气条件显式声明默认 (1.564ms)
✔ 跨节点票价与天气组合分别回答，不因参考票价短路其他任务 (3.8888ms)
✔ 运行语料直接来自版本化已审数据，原索引的127条内容哈希完全一致 (1.5344ms)
✔ 慢住宿/列表响应晚于新条件到达时，不覆盖新结果；不依赖上游遵守abort (0.2649ms)
✔ 退出当前视图或账号后，晚到响应及其错误均不再更新该视图 (0.1035ms)
✔ 访客、账号A与账号B的导游偏好和未发送草稿相互隔离，刷新只恢复本人 (0.4071ms)
✔ 无法辨认账号归属的旧导游缓存不自动展示，也不删除原值 (0.13ms)
✔ 无docs、无私钥、无本地向量的新工作目录也能运行整套其他单元测试与导游审计 (2713.0209ms)
✔ 空白保持未评，明确的零事实与零引用合法，不从空白制造人工成绩 (1.1019ms)
✔ 事实与引用计数守恒，争议必须有理由，分数不越界 (0.2619ms)
✔ 导入绑定历史批次与条目编号，重复/未知/不完整评分均拒绝 (0.364ms)
✔ 截图原问题不受保存的默认公共交通绑架，含两日不同主题、晚餐与三人住宿 (36.8924ms)
✔ 时长“两天一夜”正确区分天与晚 (0.2419ms)
✔ 时长“2天1晚”正确区分天与晚 (0.0819ms)
✔ 时长“三天两晚”正确区分天与晚 (0.0936ms)
✔ 时长“住一夜”正确区分天与晚 (0.1102ms)
✔ 时长“改成一日游”正确区分天与晚 (0.1278ms)
✔ 时长“两天零夜”正确区分天与晚 (0.0792ms)
✔ 国庆不是今天，不凭节日标签查询今日天气或假设入住日期 (0.6291ms)
✔ 明确日期加两天一夜可接回住宿，入住退房算一晚，总预算不变成每晚房价 (7.2203ms)
✔ 亲子一天→少走路→两天自驾修订保留三人和节日，并移除过期的一天条件 (22.9332ms)
✔ 批评上一份方案继续重排，不返回知识库无答案或另问日期人数 (6.2168ms)
✔ 午餐是就近餐饮建议，不能把每道菜当成另一个景区或冒充已找到餐厅 (3.5106ms)
✔ 模型反复选择商圈不能通过校验，兜底也有不同景点和晚间衔接 (3.5247ms)
✔ 模型可交换同主题的上午下午，交换后不重复并保持真实知识依据 (2.5327ms)
✔ 无效的数字、出处编号、新字段和未知地点继续被挡住 (1.4021ms)
✔ 明确保留周园、排除无想山之后，住宿和第二天仍完整 (2.4257ms)
✔ 明确无车选择城区衔接，两个游览时段不重复海乐城或通济街 (1.7592ms)
✔ 保留两天改亲子等建议按钮不会偷偷改天数，进入住宿时不抹掉人数 (5.6497ms)
✔ 旅游建议未选中的无想水镇不能当成游客酒店目的地 (4.2279ms)
✔ 夜游也进入保存的行程卡，日期跨日，原有总预算与人数不覆盖 (1.6013ms)
✔ 七天长行程不循环把相同商圈当新景点，已审内容耗尽时明确留出休息 (1.6072ms)
✔ HTTP SSE流式与最终答复完全一致，住宿段只出现一次、夜游进入计划 (55.9332ms)
✔ 八类工具与地方知识由同一导游处理，显式地点和纯翻译不受原名片干扰 (9.84ms)
✔ 待核问题不调用生成或搜索；非时效已审命中不能被模型切成未审摘录 (34.8833ms)
✔ 跨节点分别过滤、由实际专家答复，来源与任务不串到第一节点 (5.5431ms)
✔ 单导游的独立工具查询可并行，结果统一成一条答复 (43.0095ms)
✔ SSE在结果之前报告实际任务，部分天气失败仍返回其他结果 (85.0943ms)
✔ 需要日期的住宿任务如实标为待补充，不调用供应商 (11.008ms)
✔ 请求取消传到上游信号，客户端断开后不继续汇总 (69.9777ms)
✔ 服务端超时返回可读错误事件，格式错误在开启流之前拒绝 (52.2482ms)
✔ 中文UTF-8分片、心跳和CRLF完整解码；截断与错误事件不能充当成功 (1.5053ms)
✔ 上游请求可取消，计量只记录操作和数值；生产来源必须明确 (0.7699ms)
✔ 唯一角色注册，全部风物和服务由淮源姐负责，旧角色不能请求 (3.128ms)
✔ 扩展知识统一归属、向量与事实对应、童谣未被放行 (19.4782ms)
✔ 发布角色素材仅含透明淮源姐，旧角色和不透明备选未混入 (1.6617ms)
✔ 常见吃法、非遗级别与地名变体直接复用已有证据，不能按地名误答 (16.0941ms)
✔ 一个导游答复合并工具结果，后台专家失败不丢失其他已查项目 (27.0415ms)
✔ 宽泛行程先完成知识库路线推荐，新天数和交通优先，不要求先指定景点 (13.4447ms)
✔ 上一份方案按天和时段读取，餐饮与游览分别存放，不填充用户偏好 (1.5776ms)
✔ 时段指代“第二天上午”不是重新设置旅行天数 (0.1436ms)
✔ 时段指代“第2天换成周园”不是重新设置旅行天数 (0.0691ms)
✔ 时段指代“第一天不变”不是重新设置旅行天数 (0.064ms)
✔ 只改第二天上午，保留第一天与第二天下午；上一轮真实顺序可与默认不同 (10.974ms)
✔ 按第三站修改不会误把午餐当第三个游览景点 (6.3584ms)
✔ 没有完整助手方案时也可明确指定第二天上午，不错误插到第一天 (2.9401ms)
✔ 方案正文截到历史长度上限、并插入多轮带景点名问候，仍保留实际方案作修改定位 (1.2932ms)
✔ 明确日期自驾行程调用路线天气住宿专家，数字只来自工具，三类证据分开 (5.462ms)
✔ 只有国庆标签不调用今日天气或无日期住宿，默认交通不触发假定路线查询 (2.0226ms)
✔ 同名或区外位置不能静默选第一项，没有真实路线就不写分钟和公里 (1.6196ms)
✔ 南京市前缀可识别景区本体，停车场、小区和区外同名地点不成为导航端点 (2.7988ms)
✔ 一段地图失败不丢掉另一段返回，失败不丢掉完整知识库方案 (3.1677ms)
✔ 住宿工具失败不会吞掉天气和路线，未知价格不自动补零 (5.3962ms)
✔ 取消工具阶段停止后续补全，不在停止后发表最终方案 (1.8709ms)
✔ 多日按实际游览日计算时间，次日上午不会被判成第一天晚返 (7.0746ms)
✔ 跨日缺到达时间保持未知，过夜后不虚构接驳；乱序与超日期提示冲突 (0.9445ms)
✔ 返程日晚于最后游览日时不沿用前一天的返程时间；路线日期改动使保存结果失效 (0.5992ms)
✔ 新日期与城市字段刷新恢复，旧一日记录不捏造返程日，旧收藏兼容 (0.9815ms)
✔ 精简卡省略空项但保留冲突、未确认总数与保存失败；详细版仍含来源 (1.68ms)
✔ 全国搜索不带南京范围，有范围时限定并保留省市/城市代码 (26.0841ms)
✔ 跨城公交使用实际起终城市；旧地点缺城市时按坐标核对，不能写死南京 (1.318ms)
✔ 行程表单上下文可供导游使用，最新问题覆盖；总预算不当每晚房价 (30.1319ms)
✔ 本地启动器识别项目API与其他占用，不停止其他服务 (1.0482ms)
ℹ tests 333
ℹ suites 0
ℹ pass 332
ℹ fail 1
ℹ cancelled 0
ℹ skipped 0
ℹ todo 0
ℹ duration_ms 3196.6756

✖ failing tests:

test at scripts\conversation.test.mjs:1:1
✖ E:\数媒\lishui-web\scripts\conversation.test.mjs (640.0135ms)
  'test failed'
